2021/01/05 00:00:27.173 [D] [msgGas_tmp.go:38]  DEBUG: CalculateMsgGasData(),  CostFromHeight:363050 
2021/01/05 00:00:57.178 [D] [msgGas_tmp.go:38]  DEBUG: CalculateMsgGasData(),  CostFromHeight:363100 
2021/01/05 00:01:27.174 [D] [msgGas_tmp.go:38]  DEBUG: CalculateMsgGasData(),  CostFromHeight:363150 
2021/01/05 00:01:57.175 [D] [msgGas_tmp.go:38]  DEBUG: CalculateMsgGasData(),  CostFromHeight:363200 
2021/01/05 00:02:27.177 [D] [msgGas_tmp.go:38]  DEBUG: CalculateMsgGasData(),  CostFromHeight:363250 
2021/01/05 00:02:57.188 [D] [msgGas_tmp.go:38]  DEBUG: CalculateMsgGasData(),  CostFromHeight:363300 
2021/01/05 00:03:27.178 [D] [msgGas_tmp.go:38]  DEBUG: CalculateMsgGasData(),  CostFromHeight:363350 
2021/01/05 00:03:57.177 [D] [msgGas_tmp.go:38]  DEBUG: CalculateMsgGasData(),  CostFromHeight:363400 
2021/01/05 00:04:27.178 [D] [msgGas_tmp.go:38]  DEBUG: CalculateMsgGasData(),  CostFromHeight:363450 
2021/01/05 00:04:57.178 [D] [msgGas_tmp.go:38]  DEBUG: CalculateMsgGasData(),  CostFromHeight:363500 
2021/01/05 00:05:27.178 [D] [msgGas_tmp.go:38]  DEBUG: CalculateMsgGasData(),  CostFromHeight:363550 
2021/01/05 00:05:57.178 [D] [msgGas_tmp.go:38]  DEBUG: CalculateMsgGasData(),  CostFromHeight:363600 
2021/01/05 00:06:27.175 [D] [msgGas_tmp.go:38]  DEBUG: CalculateMsgGasData(),  CostFromHeight:363650 
2021/01/05 00:06:57.175 [D] [msgGas_tmp.go:38]  DEBUG: CalculateMsgGasData(),  CostFromHeight:363700 
2021/01/05 00:07:27.175 [D] [msgGas_tmp.go:38]  DEBUG: CalculateMsgGasData(),  CostFromHeight:363750 
2021/01/05 00:07:57.176 [D] [msgGas_tmp.go:38]  DEBUG: CalculateMsgGasData(),  CostFromHeight:363800 
2021/01/05 00:08:27.176 [D] [msgGas_tmp.go:38]  DEBUG: CalculateMsgGasData(),  CostFromHeight:363850 
2021/01/05 00:08:57.175 [D] [msgGas_tmp.go:38]  DEBUG: CalculateMsgGasData(),  CostFromHeight:363900 
2021/01/05 00:09:27.175 [D] [msgGas_tmp.go:38]  DEBUG: CalculateMsgGasData(),  CostFromHeight:363950 
2021/01/05 00:09:57.175 [D] [msgGas_tmp.go:38]  DEBUG: CalculateMsgGasData(),  CostFromHeight:364000 
2021/01/05 00:10:27.175 [D] [msgGas_tmp.go:38]  DEBUG: CalculateMsgGasData(),  CostFromHeight:364050 
2021/01/05 00:10:57.175 [D] [msgGas_tmp.go:38]  DEBUG: CalculateMsgGasData(),  CostFromHeight:364100 
2021/01/05 00:11:27.175 [D] [msgGas_tmp.go:38]  DEBUG: CalculateMsgGasData(),  CostFromHeight:364150 
2021/01/05 00:11:57.174 [D] [msgGas_tmp.go:38]  DEBUG: CalculateMsgGasData(),  CostFromHeight:364200 
2021/01/05 00:12:27.175 [D] [msgGas_tmp.go:38]  DEBUG: CalculateMsgGasData(),  CostFromHeight:364250 
2021/01/05 00:12:57.175 [D] [msgGas_tmp.go:38]  DEBUG: CalculateMsgGasData(),  CostFromHeight:364300 
2021/01/05 00:13:27.175 [D] [msgGas_tmp.go:38]  DEBUG: CalculateMsgGasData(),  CostFromHeight:364350 
2021/01/05 00:13:57.175 [D] [msgGas_tmp.go:38]  DEBUG: CalculateMsgGasData(),  CostFromHeight:364400 
2021/01/05 00:14:27.175 [D] [msgGas_tmp.go:38]  DEBUG: CalculateMsgGasData(),  CostFromHeight:364450 
2021/01/05 00:14:57.177 [D] [msgGas_tmp.go:38]  DEBUG: CalculateMsgGasData(),  CostFromHeight:364500 
2021/01/05 00:15:27.176 [D] [msgGas_tmp.go:38]  DEBUG: CalculateMsgGasData(),  CostFromHeight:364550 
2021/01/05 00:15:57.175 [D] [msgGas_tmp.go:38]  DEBUG: CalculateMsgGasData(),  CostFromHeight:364600 
2021/01/05 00:16:27.178 [D] [msgGas_tmp.go:38]  DEBUG: CalculateMsgGasData(),  CostFromHeight:364650 
2021/01/05 00:16:57.174 [D] [msgGas_tmp.go:38]  DEBUG: CalculateMsgGasData(),  CostFromHeight:364700 
2021/01/05 00:17:27.178 [D] [msgGas_tmp.go:38]  DEBUG: CalculateMsgGasData(),  CostFromHeight:364750 
2021/01/05 00:17:57.174 [D] [msgGas_tmp.go:38]  DEBUG: CalculateMsgGasData(),  CostFromHeight:364800 
2021/01/05 00:18:27.178 [D] [msgGas_tmp.go:38]  DEBUG: CalculateMsgGasData(),  CostFromHeight:364850 
2021/01/05 00:18:57.174 [D] [msgGas_tmp.go:38]  DEBUG: CalculateMsgGasData(),  CostFromHeight:364900 
2021/01/05 00:19:27.180 [D] [msgGas_tmp.go:38]  DEBUG: CalculateMsgGasData(),  CostFromHeight:364950 
2021/01/05 00:19:57.175 [D] [msgGas_tmp.go:38]  DEBUG: CalculateMsgGasData(),  CostFromHeight:365000 
2021/01/05 00:20:27.175 [D] [msgGas_tmp.go:38]  DEBUG: CalculateMsgGasData(),  CostFromHeight:365050 
2021/01/05 00:20:57.175 [D] [msgGas_tmp.go:38]  DEBUG: CalculateMsgGasData(),  CostFromHeight:365100 
2021/01/05 00:21:27.175 [D] [msgGas_tmp.go:38]  DEBUG: CalculateMsgGasData(),  CostFromHeight:365150 
2021/01/05 00:21:57.174 [D] [msgGas_tmp.go:38]  DEBUG: CalculateMsgGasData(),  CostFromHeight:365200 
2021/01/05 00:22:27.175 [D] [msgGas_tmp.go:38]  DEBUG: CalculateMsgGasData(),  CostFromHeight:365250 
2021/01/05 00:22:57.228 [D] [msgGas_tmp.go:38]  DEBUG: CalculateMsgGasData(),  CostFromHeight:365300 
2021/01/05 00:23:27.175 [D] [msgGas_tmp.go:38]  DEBUG: CalculateMsgGasData(),  CostFromHeight:365350 
2021/01/05 00:23:57.175 [D] [msgGas_tmp.go:38]  DEBUG: CalculateMsgGasData(),  CostFromHeight:365400 
2021/01/05 00:24:27.175 [D] [msgGas_tmp.go:38]  DEBUG: CalculateMsgGasData(),  CostFromHeight:365450 
2021/01/05 00:24:57.175 [D] [msgGas_tmp.go:38]  DEBUG: CalculateMsgGasData(),  CostFromHeight:365500 
2021/01/05 00:25:27.175 [D] [msgGas_tmp.go:38]  DEBUG: CalculateMsgGasData(),  CostFromHeight:365550 
2021/01/05 00:25:57.175 [D] [msgGas_tmp.go:38]  DEBUG: CalculateMsgGasData(),  CostFromHeight:365600 
2021/01/05 00:26:27.174 [D] [msgGas_tmp.go:38]  DEBUG: CalculateMsgGasData(),  CostFromHeight:365650 
2021/01/05 00:26:57.174 [D] [msgGas_tmp.go:38]  DEBUG: CalculateMsgGasData(),  CostFromHeight:365700 
2021/01/05 00:27:27.175 [D] [msgGas_tmp.go:38]  DEBUG: CalculateMsgGasData(),  CostFromHeight:365750 
2021/01/05 00:27:57.175 [D] [msgGas_tmp.go:38]  DEBUG: CalculateMsgGasData(),  CostFromHeight:365800 
2021/01/05 00:28:27.175 [D] [msgGas_tmp.go:38]  DEBUG: CalculateMsgGasData(),  CostFromHeight:365850 
2021/01/05 00:28:57.175 [D] [msgGas_tmp.go:38]  DEBUG: CalculateMsgGasData(),  CostFromHeight:365900 
2021/01/05 00:29:27.175 [D] [msgGas_tmp.go:38]  DEBUG: CalculateMsgGasData(),  CostFromHeight:365950 
2021/01/05 00:29:57.178 [D] [msgGas_tmp.go:38]  DEBUG: CalculateMsgGasData(),  CostFromHeight:366000 
2021/01/05 00:30:27.177 [D] [msgGas_tmp.go:38]  DEBUG: CalculateMsgGasData(),  CostFromHeight:366050 
2021/01/05 00:30:57.180 [D] [msgGas_tmp.go:38]  DEBUG: CalculateMsgGasData(),  CostFromHeight:366100 
2021/01/05 00:31:27.178 [D] [msgGas_tmp.go:38]  DEBUG: CalculateMsgGasData(),  CostFromHeight:366150 
2021/01/05 00:31:57.174 [D] [msgGas_tmp.go:38]  DEBUG: CalculateMsgGasData(),  CostFromHeight:366200 
2021/01/05 00:32:27.177 [D] [msgGas_tmp.go:38]  DEBUG: CalculateMsgGasData(),  CostFromHeight:366250 
2021/01/05 00:32:57.179 [D] [msgGas_tmp.go:38]  DEBUG: CalculateMsgGasData(),  CostFromHeight:366300 
2021/01/05 00:33:27.197 [D] [msgGas_tmp.go:38]  DEBUG: CalculateMsgGasData(),  CostFromHeight:366350 
2021/01/05 00:33:57.175 [D] [msgGas_tmp.go:38]  DEBUG: CalculateMsgGasData(),  CostFromHeight:366400 
2021/01/05 00:34:27.178 [D] [msgGas_tmp.go:38]  DEBUG: CalculateMsgGasData(),  CostFromHeight:366450 
2021/01/05 00:34:57.177 [D] [msgGas_tmp.go:38]  DEBUG: CalculateMsgGasData(),  CostFromHeight:366500 
2021/01/05 00:35:27.175 [D] [msgGas_tmp.go:38]  DEBUG: CalculateMsgGasData(),  CostFromHeight:366550 
2021/01/05 00:35:57.175 [D] [msgGas_tmp.go:38]  DEBUG: CalculateMsgGasData(),  CostFromHeight:366600 
2021/01/05 00:36:27.175 [D] [msgGas_tmp.go:38]  DEBUG: CalculateMsgGasData(),  CostFromHeight:366650 
2021/01/05 00:36:57.175 [D] [msgGas_tmp.go:38]  DEBUG: CalculateMsgGasData(),  CostFromHeight:366700 
2021/01/05 00:37:27.175 [D] [msgGas_tmp.go:38]  DEBUG: CalculateMsgGasData(),  CostFromHeight:366750 
2021/01/05 00:37:57.175 [D] [msgGas_tmp.go:38]  DEBUG: CalculateMsgGasData(),  CostFromHeight:366800 
2021/01/05 00:38:27.175 [D] [msgGas_tmp.go:38]  DEBUG: CalculateMsgGasData(),  CostFromHeight:366850 
2021/01/05 00:38:57.175 [D] [msgGas_tmp.go:38]  DEBUG: CalculateMsgGasData(),  CostFromHeight:366900 
2021/01/05 00:39:27.175 [D] [msgGas_tmp.go:38]  DEBUG: CalculateMsgGasData(),  CostFromHeight:366950 
2021/01/05 00:39:57.175 [D] [msgGas_tmp.go:38]  DEBUG: CalculateMsgGasData(),  CostFromHeight:367000 
2021/01/05 00:40:27.175 [D] [msgGas_tmp.go:38]  DEBUG: CalculateMsgGasData(),  CostFromHeight:367050 
2021/01/05 00:40:57.176 [D] [msgGas_tmp.go:38]  DEBUG: CalculateMsgGasData(),  CostFromHeight:367100 
2021/01/05 00:41:27.175 [D] [msgGas_tmp.go:38]  DEBUG: CalculateMsgGasData(),  CostFromHeight:367150 
2021/01/05 00:41:57.175 [D] [msgGas_tmp.go:38]  DEBUG: CalculateMsgGasData(),  CostFromHeight:367200 
2021/01/05 00:42:27.174 [D] [msgGas_tmp.go:38]  DEBUG: CalculateMsgGasData(),  CostFromHeight:367250 
2021/01/05 00:42:57.174 [D] [msgGas_tmp.go:38]  DEBUG: CalculateMsgGasData(),  CostFromHeight:367300 
2021/01/05 00:43:27.175 [D] [msgGas_tmp.go:38]  DEBUG: CalculateMsgGasData(),  CostFromHeight:367350 
2021/01/05 00:43:57.175 [D] [msgGas_tmp.go:38]  DEBUG: CalculateMsgGasData(),  CostFromHeight:367400 
2021/01/05 00:44:27.175 [D] [msgGas_tmp.go:38]  DEBUG: CalculateMsgGasData(),  CostFromHeight:367450 
2021/01/05 00:44:57.175 [D] [msgGas_tmp.go:38]  DEBUG: CalculateMsgGasData(),  CostFromHeight:367500 
2021/01/05 00:45:27.175 [D] [msgGas_tmp.go:38]  DEBUG: CalculateMsgGasData(),  CostFromHeight:367550 
2021/01/05 00:45:57.176 [D] [msgGas_tmp.go:38]  DEBUG: CalculateMsgGasData(),  CostFromHeight:367600 
2021/01/05 00:46:27.178 [D] [msgGas_tmp.go:38]  DEBUG: CalculateMsgGasData(),  CostFromHeight:367650 
2021/01/05 00:46:57.180 [D] [msgGas_tmp.go:38]  DEBUG: CalculateMsgGasData(),  CostFromHeight:367700 
2021/01/05 00:47:27.178 [D] [msgGas_tmp.go:38]  DEBUG: CalculateMsgGasData(),  CostFromHeight:367750 
2021/01/05 00:47:57.175 [D] [msgGas_tmp.go:38]  DEBUG: CalculateMsgGasData(),  CostFromHeight:367800 
2021/01/05 00:48:27.178 [D] [msgGas_tmp.go:38]  DEBUG: CalculateMsgGasData(),  CostFromHeight:367850 
2021/01/05 00:48:57.179 [D] [msgGas_tmp.go:38]  DEBUG: CalculateMsgGasData(),  CostFromHeight:367900 
2021/01/05 00:49:27.178 [D] [msgGas_tmp.go:38]  DEBUG: CalculateMsgGasData(),  CostFromHeight:367950 
2021/01/05 00:49:57.174 [D] [msgGas_tmp.go:38]  DEBUG: CalculateMsgGasData(),  CostFromHeight:368000 
2021/01/05 00:50:27.176 [D] [msgGas_tmp.go:38]  DEBUG: CalculateMsgGasData(),  CostFromHeight:368050 
2021/01/05 00:50:57.178 [D] [msgGas_tmp.go:38]  DEBUG: CalculateMsgGasData(),  CostFromHeight:368100 
2021/01/05 00:51:27.178 [D] [msgGas_tmp.go:38]  DEBUG: CalculateMsgGasData(),  CostFromHeight:368150 
2021/01/05 00:51:57.174 [D] [msgGas_tmp.go:38]  DEBUG: CalculateMsgGasData(),  CostFromHeight:368200 
2021/01/05 00:52:27.178 [D] [msgGas_tmp.go:38]  DEBUG: CalculateMsgGasData(),  CostFromHeight:368250 
2021/01/05 00:52:57.175 [D] [msgGas_tmp.go:38]  DEBUG: CalculateMsgGasData(),  CostFromHeight:368300 
2021/01/05 00:53:27.215 [D] [msgGas_tmp.go:38]  DEBUG: CalculateMsgGasData(),  CostFromHeight:368350 
2021/01/05 00:53:57.175 [D] [msgGas_tmp.go:38]  DEBUG: CalculateMsgGasData(),  CostFromHeight:368400 
2021/01/05 00:54:27.174 [D] [msgGas_tmp.go:38]  DEBUG: CalculateMsgGasData(),  CostFromHeight:368450 
2021/01/05 00:54:57.175 [D] [msgGas_tmp.go:38]  DEBUG: CalculateMsgGasData(),  CostFromHeight:368500 
2021/01/05 00:55:27.176 [D] [msgGas_tmp.go:38]  DEBUG: CalculateMsgGasData(),  CostFromHeight:368550 
2021/01/05 00:55:57.175 [D] [msgGas_tmp.go:38]  DEBUG: CalculateMsgGasData(),  CostFromHeight:368600 
2021/01/05 00:56:27.175 [D] [msgGas_tmp.go:38]  DEBUG: CalculateMsgGasData(),  CostFromHeight:368650 
2021/01/05 00:56:57.175 [D] [msgGas_tmp.go:38]  DEBUG: CalculateMsgGasData(),  CostFromHeight:368700 
2021/01/05 00:57:27.176 [D] [msgGas_tmp.go:38]  DEBUG: CalculateMsgGasData(),  CostFromHeight:368750 
2021/01/05 00:57:57.175 [D] [msgGas_tmp.go:38]  DEBUG: CalculateMsgGasData(),  CostFromHeight:368800 
2021/01/05 00:58:27.174 [D] [msgGas_tmp.go:38]  DEBUG: CalculateMsgGasData(),  CostFromHeight:368850 
2021/01/05 00:58:57.234 [D] [msgGas_tmp.go:38]  DEBUG: CalculateMsgGasData(),  CostFromHeight:368900 
2021/01/05 00:59:27.175 [D] [msgGas_tmp.go:38]  DEBUG: CalculateMsgGasData(),  CostFromHeight:368950 
2021/01/05 00:59:57.175 [D] [msgGas_tmp.go:38]  DEBUG: CalculateMsgGasData(),  CostFromHeight:369000 
2021/01/05 01:00:27.175 [D] [msgGas_tmp.go:38]  DEBUG: CalculateMsgGasData(),  CostFromHeight:369050 
2021/01/05 01:00:57.175 [D] [msgGas_tmp.go:38]  DEBUG: CalculateMsgGasData(),  CostFromHeight:369100 
2021/01/05 01:01:27.175 [D] [msgGas_tmp.go:38]  DEBUG: CalculateMsgGasData(),  CostFromHeight:369150 
2021/01/05 01:01:57.176 [D] [msgGas_tmp.go:38]  DEBUG: CalculateMsgGasData(),  CostFromHeight:369200 
2021/01/05 01:02:27.175 [D] [msgGas_tmp.go:38]  DEBUG: CalculateMsgGasData(),  CostFromHeight:369250 
2021/01/05 01:02:57.176 [D] [msgGas_tmp.go:38]  DEBUG: CalculateMsgGasData(),  CostFromHeight:369300 
2021/01/05 01:03:27.179 [D] [msgGas_tmp.go:38]  DEBUG: CalculateMsgGasData(),  CostFromHeight:369350 
2021/01/05 01:03:57.178 [D] [msgGas_tmp.go:38]  DEBUG: CalculateMsgGasData(),  CostFromHeight:369400 
2021/01/05 01:04:27.179 [D] [msgGas_tmp.go:38]  DEBUG: CalculateMsgGasData(),  CostFromHeight:369450 
2021/01/05 01:04:57.178 [D] [msgGas_tmp.go:38]  DEBUG: CalculateMsgGasData(),  CostFromHeight:369500 
2021/01/05 01:05:27.178 [D] [msgGas_tmp.go:38]  DEBUG: CalculateMsgGasData(),  CostFromHeight:369550 
2021/01/05 01:05:57.178 [D] [msgGas_tmp.go:38]  DEBUG: CalculateMsgGasData(),  CostFromHeight:369600 
2021/01/05 01:06:27.182 [D] [msgGas_tmp.go:38]  DEBUG: CalculateMsgGasData(),  CostFromHeight:369650 
2021/01/05 01:06:57.178 [D] [msgGas_tmp.go:38]  DEBUG: CalculateMsgGasData(),  CostFromHeight:369700 
2021/01/05 01:07:27.177 [D] [msgGas_tmp.go:38]  DEBUG: CalculateMsgGasData(),  CostFromHeight:369750 
2021/01/05 01:07:57.193 [D] [msgGas_tmp.go:38]  DEBUG: CalculateMsgGasData(),  CostFromHeight:369800 
2021/01/05 01:08:27.178 [D] [msgGas_tmp.go:38]  DEBUG: CalculateMsgGasData(),  CostFromHeight:369850 
2021/01/05 01:08:57.177 [D] [msgGas_tmp.go:38]  DEBUG: CalculateMsgGasData(),  CostFromHeight:369900 
2021/01/05 01:09:27.176 [D] [msgGas_tmp.go:38]  DEBUG: CalculateMsgGasData(),  CostFromHeight:369950 
2021/01/05 01:09:57.175 [D] [msgGas_tmp.go:38]  DEBUG: CalculateMsgGasData(),  CostFromHeight:370000 
2021/01/05 01:10:27.175 [D] [msgGas_tmp.go:38]  DEBUG: CalculateMsgGasData(),  CostFromHeight:370050 
2021/01/05 01:10:57.174 [D] [msgGas_tmp.go:38]  DEBUG: CalculateMsgGasData(),  CostFromHeight:370100 
2021/01/05 01:11:27.175 [D] [msgGas_tmp.go:38]  DEBUG: CalculateMsgGasData(),  CostFromHeight:370150 
2021/01/05 01:11:57.175 [D] [msgGas_tmp.go:38]  DEBUG: CalculateMsgGasData(),  CostFromHeight:370200 
2021/01/05 01:12:27.177 [D] [msgGas_tmp.go:38]  DEBUG: CalculateMsgGasData(),  CostFromHeight:370250 
2021/01/05 01:12:57.175 [D] [msgGas_tmp.go:38]  DEBUG: CalculateMsgGasData(),  CostFromHeight:370300 
2021/01/05 01:13:27.175 [D] [msgGas_tmp.go:38]  DEBUG: CalculateMsgGasData(),  CostFromHeight:370350 
2021/01/05 01:13:57.174 [D] [msgGas_tmp.go:38]  DEBUG: CalculateMsgGasData(),  CostFromHeight:370400 
2021/01/05 01:14:27.175 [D] [msgGas_tmp.go:38]  DEBUG: CalculateMsgGasData(),  CostFromHeight:370450 
2021/01/05 01:14:57.174 [D] [msgGas_tmp.go:38]  DEBUG: CalculateMsgGasData(),  CostFromHeight:370500 
2021/01/05 01:15:27.175 [D] [msgGas_tmp.go:38]  DEBUG: CalculateMsgGasData(),  CostFromHeight:370550 
2021/01/05 01:15:57.175 [D] [msgGas_tmp.go:38]  DEBUG: CalculateMsgGasData(),  CostFromHeight:370600 
2021/01/05 01:16:27.176 [D] [msgGas_tmp.go:38]  DEBUG: CalculateMsgGasData(),  CostFromHeight:370650 
2021/01/05 01:16:57.174 [D] [msgGas_tmp.go:38]  DEBUG: CalculateMsgGasData(),  CostFromHeight:370700 
2021/01/05 01:17:27.175 [D] [msgGas_tmp.go:38]  DEBUG: CalculateMsgGasData(),  CostFromHeight:370750 
2021/01/05 01:17:57.175 [D] [msgGas_tmp.go:38]  DEBUG: CalculateMsgGasData(),  CostFromHeight:370800 
2021/01/05 01:18:27.175 [D] [msgGas_tmp.go:38]  DEBUG: CalculateMsgGasData(),  CostFromHeight:370850 
2021/01/05 01:18:57.175 [D] [msgGas_tmp.go:38]  DEBUG: CalculateMsgGasData(),  CostFromHeight:370900 
2021/01/05 01:19:27.175 [D] [msgGas_tmp.go:38]  DEBUG: CalculateMsgGasData(),  CostFromHeight:370950 
2021/01/05 01:19:57.175 [D] [msgGas_tmp.go:38]  DEBUG: CalculateMsgGasData(),  CostFromHeight:371000 
2021/01/05 01:20:27.177 [D] [msgGas_tmp.go:38]  DEBUG: CalculateMsgGasData(),  CostFromHeight:371050 
2021/01/05 01:20:57.177 [D] [msgGas_tmp.go:38]  DEBUG: CalculateMsgGasData(),  CostFromHeight:371100 
2021/01/05 01:21:27.178 [D] [msgGas_tmp.go:38]  DEBUG: CalculateMsgGasData(),  CostFromHeight:371150 
2021/01/05 01:21:57.175 [D] [msgGas_tmp.go:38]  DEBUG: CalculateMsgGasData(),  CostFromHeight:371200 
2021/01/05 01:22:27.178 [D] [msgGas_tmp.go:38]  DEBUG: CalculateMsgGasData(),  CostFromHeight:371250 
2021/01/05 01:22:57.177 [D] [msgGas_tmp.go:38]  DEBUG: CalculateMsgGasData(),  CostFromHeight:371300 
2021/01/05 01:23:27.177 [D] [msgGas_tmp.go:38]  DEBUG: CalculateMsgGasData(),  CostFromHeight:371350 
2021/01/05 01:23:57.192 [D] [msgGas_tmp.go:38]  DEBUG: CalculateMsgGasData(),  CostFromHeight:371400 
2021/01/05 01:24:27.178 [D] [msgGas_tmp.go:38]  DEBUG: CalculateMsgGasData(),  CostFromHeight:371450 
2021/01/05 01:24:57.178 [D] [msgGas_tmp.go:38]  DEBUG: CalculateMsgGasData(),  CostFromHeight:371500 
2021/01/05 01:25:27.178 [D] [msgGas_tmp.go:38]  DEBUG: CalculateMsgGasData(),  CostFromHeight:371550 
2021/01/05 01:25:57.177 [D] [msgGas_tmp.go:38]  DEBUG: CalculateMsgGasData(),  CostFromHeight:371600 
2021/01/05 01:26:27.174 [D] [msgGas_tmp.go:38]  DEBUG: CalculateMsgGasData(),  CostFromHeight:371650 
2021/01/05 01:26:57.174 [D] [msgGas_tmp.go:38]  DEBUG: CalculateMsgGasData(),  CostFromHeight:371700 
2021/01/05 01:27:27.175 [D] [msgGas_tmp.go:38]  DEBUG: CalculateMsgGasData(),  CostFromHeight:371750 
2021/01/05 01:27:57.175 [D] [msgGas_tmp.go:38]  DEBUG: CalculateMsgGasData(),  CostFromHeight:371800 
2021/01/05 01:28:27.175 [D] [msgGas_tmp.go:38]  DEBUG: CalculateMsgGasData(),  CostFromHeight:371850 
2021/01/05 01:28:57.175 [D] [msgGas_tmp.go:38]  DEBUG: CalculateMsgGasData(),  CostFromHeight:371900 
2021/01/05 01:29:27.176 [D] [msgGas_tmp.go:38]  DEBUG: CalculateMsgGasData(),  CostFromHeight:371950 
2021/01/05 01:29:57.175 [D] [msgGas_tmp.go:38]  DEBUG: CalculateMsgGasData(),  CostFromHeight:372000 
2021/01/05 01:30:27.175 [D] [msgGas_tmp.go:38]  DEBUG: CalculateMsgGasData(),  CostFromHeight:372050 
2021/01/05 01:30:57.175 [D] [msgGas_tmp.go:38]  DEBUG: CalculateMsgGasData(),  CostFromHeight:372100 
2021/01/05 01:31:27.176 [D] [msgGas_tmp.go:38]  DEBUG: CalculateMsgGasData(),  CostFromHeight:372150 
2021/01/05 01:31:57.175 [D] [msgGas_tmp.go:38]  DEBUG: CalculateMsgGasData(),  CostFromHeight:372200 
2021/01/05 01:32:27.175 [D] [msgGas_tmp.go:38]  DEBUG: CalculateMsgGasData(),  CostFromHeight:372250 
2021/01/05 01:32:57.175 [D] [msgGas_tmp.go:38]  DEBUG: CalculateMsgGasData(),  CostFromHeight:372300 
2021/01/05 01:33:27.175 [D] [msgGas_tmp.go:38]  DEBUG: CalculateMsgGasData(),  CostFromHeight:372350 
2021/01/05 01:33:57.175 [D] [msgGas_tmp.go:38]  DEBUG: CalculateMsgGasData(),  CostFromHeight:372400 
2021/01/05 01:34:27.232 [D] [msgGas_tmp.go:38]  DEBUG: CalculateMsgGasData(),  CostFromHeight:372450 
2021/01/05 01:34:57.174 [D] [msgGas_tmp.go:38]  DEBUG: CalculateMsgGasData(),  CostFromHeight:372500 
2021/01/05 01:35:27.176 [D] [msgGas_tmp.go:38]  DEBUG: CalculateMsgGasData(),  CostFromHeight:372550 
2021/01/05 01:35:57.175 [D] [msgGas_tmp.go:38]  DEBUG: CalculateMsgGasData(),  CostFromHeight:372600 
2021/01/05 01:36:27.174 [D] [msgGas_tmp.go:38]  DEBUG: CalculateMsgGasData(),  CostFromHeight:372650 
2021/01/05 01:36:57.174 [D] [msgGas_tmp.go:38]  DEBUG: CalculateMsgGasData(),  CostFromHeight:372700 
2021/01/05 01:37:27.175 [D] [msgGas_tmp.go:38]  DEBUG: CalculateMsgGasData(),  CostFromHeight:372750 
2021/01/05 01:37:57.178 [D] [msgGas_tmp.go:38]  DEBUG: CalculateMsgGasData(),  CostFromHeight:372800 
2021/01/05 01:38:27.178 [D] [msgGas_tmp.go:38]  DEBUG: CalculateMsgGasData(),  CostFromHeight:372850 
2021/01/05 01:38:57.179 [D] [msgGas_tmp.go:38]  DEBUG: CalculateMsgGasData(),  CostFromHeight:372900 
2021/01/05 01:39:27.174 [D] [msgGas_tmp.go:38]  DEBUG: CalculateMsgGasData(),  CostFromHeight:372950 
2021/01/05 01:39:57.177 [D] [msgGas_tmp.go:38]  DEBUG: CalculateMsgGasData(),  CostFromHeight:373000 
2021/01/05 01:40:27.177 [D] [msgGas_tmp.go:38]  DEBUG: CalculateMsgGasData(),  CostFromHeight:373050 
2021/01/05 01:40:57.178 [D] [msgGas_tmp.go:38]  DEBUG: CalculateMsgGasData(),  CostFromHeight:373100 
2021/01/05 01:41:27.177 [D] [msgGas_tmp.go:38]  DEBUG: CalculateMsgGasData(),  CostFromHeight:373150 
2021/01/05 01:41:57.174 [D] [msgGas_tmp.go:38]  DEBUG: CalculateMsgGasData(),  CostFromHeight:373200 
2021/01/05 01:42:27.177 [D] [msgGas_tmp.go:38]  DEBUG: CalculateMsgGasData(),  CostFromHeight:373250 
2021/01/05 01:42:57.177 [D] [msgGas_tmp.go:38]  DEBUG: CalculateMsgGasData(),  CostFromHeight:373300 
2021/01/05 01:43:27.174 [D] [msgGas_tmp.go:38]  DEBUG: CalculateMsgGasData(),  CostFromHeight:373350 
2021/01/05 01:43:57.175 [D] [msgGas_tmp.go:38]  DEBUG: CalculateMsgGasData(),  CostFromHeight:373400 
2021/01/05 01:44:27.177 [D] [msgGas_tmp.go:38]  DEBUG: CalculateMsgGasData(),  CostFromHeight:373450 
2021/01/05 01:44:57.174 [D] [msgGas_tmp.go:38]  DEBUG: CalculateMsgGasData(),  CostFromHeight:373500 
2021/01/05 01:45:27.176 [D] [msgGas_tmp.go:38]  DEBUG: CalculateMsgGasData(),  CostFromHeight:373550 
2021/01/05 01:45:57.175 [D] [msgGas_tmp.go:38]  DEBUG: CalculateMsgGasData(),  CostFromHeight:373600 
2021/01/05 01:46:27.176 [D] [msgGas_tmp.go:38]  DEBUG: CalculateMsgGasData(),  CostFromHeight:373650 
2021/01/05 01:46:57.174 [D] [msgGas_tmp.go:38]  DEBUG: CalculateMsgGasData(),  CostFromHeight:373700 
2021/01/05 01:47:27.175 [D] [msgGas_tmp.go:38]  DEBUG: CalculateMsgGasData(),  CostFromHeight:373750 
2021/01/05 01:47:57.175 [D] [msgGas_tmp.go:38]  DEBUG: CalculateMsgGasData(),  CostFromHeight:373800 
2021/01/05 01:48:27.174 [D] [msgGas_tmp.go:38]  DEBUG: CalculateMsgGasData(),  CostFromHeight:373850 
2021/01/05 01:48:57.176 [D] [msgGas_tmp.go:38]  DEBUG: CalculateMsgGasData(),  CostFromHeight:373900 
2021/01/05 01:49:27.175 [D] [msgGas_tmp.go:38]  DEBUG: CalculateMsgGasData(),  CostFromHeight:373950 
2021/01/05 01:49:57.175 [D] [msgGas_tmp.go:38]  DEBUG: CalculateMsgGasData(),  CostFromHeight:374000 
2021/01/05 01:50:27.175 [D] [msgGas_tmp.go:38]  DEBUG: CalculateMsgGasData(),  CostFromHeight:374050 
2021/01/05 01:50:57.174 [D] [msgGas_tmp.go:38]  DEBUG: CalculateMsgGasData(),  CostFromHeight:374100 
2021/01/05 01:51:27.175 [D] [msgGas_tmp.go:38]  DEBUG: CalculateMsgGasData(),  CostFromHeight:374150 
2021/01/05 01:51:57.174 [D] [msgGas_tmp.go:38]  DEBUG: CalculateMsgGasData(),  CostFromHeight:374200 
2021/01/05 01:52:27.178 [D] [msgGas_tmp.go:38]  DEBUG: CalculateMsgGasData(),  CostFromHeight:374250 
2021/01/05 01:52:57.178 [D] [msgGas_tmp.go:38]  DEBUG: CalculateMsgGasData(),  CostFromHeight:374300 
2021/01/05 01:53:27.178 [D] [msgGas_tmp.go:38]  DEBUG: CalculateMsgGasData(),  CostFromHeight:374350 
2021/01/05 01:53:57.174 [D] [msgGas_tmp.go:38]  DEBUG: CalculateMsgGasData(),  CostFromHeight:374400 
2021/01/05 01:54:27.190 [D] [msgGas_tmp.go:38]  DEBUG: CalculateMsgGasData(),  CostFromHeight:374450 
2021/01/05 01:54:57.178 [D] [msgGas_tmp.go:38]  DEBUG: CalculateMsgGasData(),  CostFromHeight:374500 
2021/01/05 01:55:27.177 [D] [msgGas_tmp.go:38]  DEBUG: CalculateMsgGasData(),  CostFromHeight:374550 
2021/01/05 01:55:57.177 [D] [msgGas_tmp.go:38]  DEBUG: CalculateMsgGasData(),  CostFromHeight:374600 
2021/01/05 01:56:27.178 [D] [msgGas_tmp.go:38]  DEBUG: CalculateMsgGasData(),  CostFromHeight:374650 
2021/01/05 01:56:57.174 [D] [msgGas_tmp.go:38]  DEBUG: CalculateMsgGasData(),  CostFromHeight:374700 
2021/01/05 01:57:27.175 [D] [msgGas_tmp.go:38]  DEBUG: CalculateMsgGasData(),  CostFromHeight:374750 
2021/01/05 01:57:57.177 [D] [msgGas_tmp.go:38]  DEBUG: CalculateMsgGasData(),  CostFromHeight:374800 
2021/01/05 01:58:27.176 [D] [msgGas_tmp.go:38]  DEBUG: CalculateMsgGasData(),  CostFromHeight:374850 
2021/01/05 01:58:57.175 [D] [msgGas_tmp.go:38]  DEBUG: CalculateMsgGasData(),  CostFromHeight:374900 
2021/01/05 01:59:27.174 [D] [msgGas_tmp.go:38]  DEBUG: CalculateMsgGasData(),  CostFromHeight:374950 
2021/01/05 01:59:57.175 [D] [msgGas_tmp.go:38]  DEBUG: CalculateMsgGasData(),  CostFromHeight:375000 
2021/01/05 02:00:27.175 [D] [msgGas_tmp.go:38]  DEBUG: CalculateMsgGasData(),  CostFromHeight:375050 
2021/01/05 02:00:57.175 [D] [msgGas_tmp.go:38]  DEBUG: CalculateMsgGasData(),  CostFromHeight:375100 
2021/01/05 02:01:27.175 [D] [msgGas_tmp.go:38]  DEBUG: CalculateMsgGasData(),  CostFromHeight:375150 
2021/01/05 02:01:57.176 [D] [msgGas_tmp.go:38]  DEBUG: CalculateMsgGasData(),  CostFromHeight:375200 
2021/01/05 02:02:27.175 [D] [msgGas_tmp.go:38]  DEBUG: CalculateMsgGasData(),  CostFromHeight:375250 
2021/01/05 02:02:57.175 [D] [msgGas_tmp.go:38]  DEBUG: CalculateMsgGasData(),  CostFromHeight:375300 
2021/01/05 02:03:27.175 [D] [msgGas_tmp.go:38]  DEBUG: CalculateMsgGasData(),  CostFromHeight:375350 
2021/01/05 02:03:57.174 [D] [msgGas_tmp.go:38]  DEBUG: CalculateMsgGasData(),  CostFromHeight:375400 
2021/01/05 02:04:27.174 [D] [msgGas_tmp.go:38]  DEBUG: CalculateMsgGasData(),  CostFromHeight:375450 
2021/01/05 02:04:57.174 [D] [msgGas_tmp.go:38]  DEBUG: CalculateMsgGasData(),  CostFromHeight:375500 
2021/01/05 02:05:27.178 [D] [msgGas_tmp.go:38]  DEBUG: CalculateMsgGasData(),  CostFromHeight:375550 
2021/01/05 02:05:57.175 [D] [msgGas_tmp.go:38]  DEBUG: CalculateMsgGasData(),  CostFromHeight:375600 
2021/01/05 02:06:27.175 [D] [msgGas_tmp.go:38]  DEBUG: CalculateMsgGasData(),  CostFromHeight:375650 
2021/01/05 02:06:57.175 [D] [msgGas_tmp.go:38]  DEBUG: CalculateMsgGasData(),  CostFromHeight:375700 
2021/01/05 02:07:27.175 [D] [msgGas_tmp.go:38]  DEBUG: CalculateMsgGasData(),  CostFromHeight:375750 
2021/01/05 02:07:57.175 [D] [msgGas_tmp.go:38]  DEBUG: CalculateMsgGasData(),  CostFromHeight:375800 
2021/01/05 02:08:27.178 [D] [msgGas_tmp.go:38]  DEBUG: CalculateMsgGasData(),  CostFromHeight:375850 
2021/01/05 02:08:57.179 [D] [msgGas_tmp.go:38]  DEBUG: CalculateMsgGasData(),  CostFromHeight:375900 
2021/01/05 02:09:27.174 [D] [msgGas_tmp.go:38]  DEBUG: CalculateMsgGasData(),  CostFromHeight:375950 
2021/01/05 02:09:57.184 [D] [msgGas_tmp.go:38]  DEBUG: CalculateMsgGasData(),  CostFromHeight:376000 
2021/01/05 02:10:27.177 [D] [msgGas_tmp.go:38]  DEBUG: CalculateMsgGasData(),  CostFromHeight:376050 
2021/01/05 02:10:57.175 [D] [msgGas_tmp.go:38]  DEBUG: CalculateMsgGasData(),  CostFromHeight:376100 
2021/01/05 02:11:27.175 [D] [msgGas_tmp.go:38]  DEBUG: CalculateMsgGasData(),  CostFromHeight:376150 
2021/01/05 02:11:57.174 [D] [msgGas_tmp.go:38]  DEBUG: CalculateMsgGasData(),  CostFromHeight:376200 
2021/01/05 02:12:27.174 [D] [msgGas_tmp.go:38]  DEBUG: CalculateMsgGasData(),  CostFromHeight:376250 
2021/01/05 02:12:57.175 [D] [msgGas_tmp.go:38]  DEBUG: CalculateMsgGasData(),  CostFromHeight:376300 
2021/01/05 02:13:27.175 [D] [msgGas_tmp.go:38]  DEBUG: CalculateMsgGasData(),  CostFromHeight:376350 
2021/01/05 02:13:57.176 [D] [msgGas_tmp.go:38]  DEBUG: CalculateMsgGasData(),  CostFromHeight:376400 
2021/01/05 02:14:27.176 [D] [msgGas_tmp.go:38]  DEBUG: CalculateMsgGasData(),  CostFromHeight:376450 
2021/01/05 02:14:57.176 [D] [msgGas_tmp.go:38]  DEBUG: CalculateMsgGasData(),  CostFromHeight:376500 
2021/01/05 02:15:27.175 [D] [msgGas_tmp.go:38]  DEBUG: CalculateMsgGasData(),  CostFromHeight:376550 
2021/01/05 02:15:57.174 [D] [msgGas_tmp.go:38]  DEBUG: CalculateMsgGasData(),  CostFromHeight:376600 
2021/01/05 02:16:27.177 [D] [msgGas_tmp.go:38]  DEBUG: CalculateMsgGasData(),  CostFromHeight:376650 
2021/01/05 02:16:57.174 [D] [msgGas_tmp.go:38]  DEBUG: CalculateMsgGasData(),  CostFromHeight:376700 
2021/01/05 02:17:27.175 [D] [msgGas_tmp.go:38]  DEBUG: CalculateMsgGasData(),  CostFromHeight:376750 
2021/01/05 02:17:57.175 [D] [msgGas_tmp.go:38]  DEBUG: CalculateMsgGasData(),  CostFromHeight:376800 
2021/01/05 02:18:27.175 [D] [msgGas_tmp.go:38]  DEBUG: CalculateMsgGasData(),  CostFromHeight:376850 
2021/01/05 02:18:57.174 [D] [msgGas_tmp.go:38]  DEBUG: CalculateMsgGasData(),  CostFromHeight:376900 
2021/01/05 02:19:27.175 [D] [msgGas_tmp.go:38]  DEBUG: CalculateMsgGasData(),  CostFromHeight:376950 
2021/01/05 02:19:57.177 [D] [msgGas_tmp.go:38]  DEBUG: CalculateMsgGasData(),  CostFromHeight:377000 
2021/01/05 02:20:27.178 [D] [msgGas_tmp.go:38]  DEBUG: CalculateMsgGasData(),  CostFromHeight:377050 
2021/01/05 02:20:57.178 [D] [msgGas_tmp.go:38]  DEBUG: CalculateMsgGasData(),  CostFromHeight:377100 
2021/01/05 02:21:27.178 [D] [msgGas_tmp.go:38]  DEBUG: CalculateMsgGasData(),  CostFromHeight:377150 
2021/01/05 02:21:57.178 [D] [msgGas_tmp.go:38]  DEBUG: CalculateMsgGasData(),  CostFromHeight:377200 
2021/01/05 02:22:27.177 [D] [msgGas_tmp.go:38]  DEBUG: CalculateMsgGasData(),  CostFromHeight:377250 
2021/01/05 02:22:57.178 [D] [msgGas_tmp.go:38]  DEBUG: CalculateMsgGasData(),  CostFromHeight:377300 
2021/01/05 02:23:27.174 [D] [msgGas_tmp.go:38]  DEBUG: CalculateMsgGasData(),  CostFromHeight:377350 
2021/01/05 02:23:57.178 [D] [msgGas_tmp.go:38]  DEBUG: CalculateMsgGasData(),  CostFromHeight:377400 
2021/01/05 02:24:27.180 [D] [msgGas_tmp.go:38]  DEBUG: CalculateMsgGasData(),  CostFromHeight:377450 
2021/01/05 02:24:57.200 [D] [msgGas_tmp.go:38]  DEBUG: CalculateMsgGasData(),  CostFromHeight:377500 
2021/01/05 02:25:27.178 [D] [msgGas_tmp.go:38]  DEBUG: CalculateMsgGasData(),  CostFromHeight:377550 
2021/01/05 02:25:57.178 [D] [msgGas_tmp.go:38]  DEBUG: CalculateMsgGasData(),  CostFromHeight:377600 
2021/01/05 02:26:27.176 [D] [msgGas_tmp.go:38]  DEBUG: CalculateMsgGasData(),  CostFromHeight:377650 
2021/01/05 02:26:57.174 [D] [msgGas_tmp.go:38]  DEBUG: CalculateMsgGasData(),  CostFromHeight:377700 
2021/01/05 02:27:27.176 [D] [msgGas_tmp.go:38]  DEBUG: CalculateMsgGasData(),  CostFromHeight:377750 
2021/01/05 02:27:57.175 [D] [msgGas_tmp.go:38]  DEBUG: CalculateMsgGasData(),  CostFromHeight:377800 
2021/01/05 02:28:27.176 [D] [msgGas_tmp.go:38]  DEBUG: CalculateMsgGasData(),  CostFromHeight:377850 
2021/01/05 02:28:57.175 [D] [msgGas_tmp.go:38]  DEBUG: CalculateMsgGasData(),  CostFromHeight:377900 
2021/01/05 02:29:27.176 [D] [msgGas_tmp.go:38]  DEBUG: CalculateMsgGasData(),  CostFromHeight:377950 
2021/01/05 02:29:57.175 [D] [msgGas_tmp.go:38]  DEBUG: CalculateMsgGasData(),  CostFromHeight:378000 
2021/01/05 02:30:27.175 [D] [msgGas_tmp.go:38]  DEBUG: CalculateMsgGasData(),  CostFromHeight:378050 
2021/01/05 02:30:57.175 [D] [msgGas_tmp.go:38]  DEBUG: CalculateMsgGasData(),  CostFromHeight:378100 
2021/01/05 02:31:27.175 [D] [msgGas_tmp.go:38]  DEBUG: CalculateMsgGasData(),  CostFromHeight:378150 
2021/01/05 02:31:57.175 [D] [msgGas_tmp.go:38]  DEBUG: CalculateMsgGasData(),  CostFromHeight:378200 
2021/01/05 02:32:27.175 [D] [msgGas_tmp.go:38]  DEBUG: CalculateMsgGasData(),  CostFromHeight:378250 
2021/01/05 02:32:57.175 [D] [msgGas_tmp.go:38]  DEBUG: CalculateMsgGasData(),  CostFromHeight:378300 
2021/01/05 02:33:27.176 [D] [msgGas_tmp.go:38]  DEBUG: CalculateMsgGasData(),  CostFromHeight:378350 
2021/01/05 02:33:57.186 [D] [msgGas_tmp.go:38]  DEBUG: CalculateMsgGasData(),  CostFromHeight:378400 
2021/01/05 02:34:27.175 [D] [msgGas_tmp.go:38]  DEBUG: CalculateMsgGasData(),  CostFromHeight:378450 
2021/01/05 02:34:57.175 [D] [msgGas_tmp.go:38]  DEBUG: CalculateMsgGasData(),  CostFromHeight:378500 
2021/01/05 02:35:27.227 [D] [msgGas_tmp.go:38]  DEBUG: CalculateMsgGasData(),  CostFromHeight:378550 
2021/01/05 02:35:57.175 [D] [msgGas_tmp.go:38]  DEBUG: CalculateMsgGasData(),  CostFromHeight:378600 
2021/01/05 02:36:27.175 [D] [msgGas_tmp.go:38]  DEBUG: CalculateMsgGasData(),  CostFromHeight:378650 
2021/01/05 02:36:57.174 [D] [msgGas_tmp.go:38]  DEBUG: CalculateMsgGasData(),  CostFromHeight:378700 
2021/01/05 02:37:27.175 [D] [msgGas_tmp.go:38]  DEBUG: CalculateMsgGasData(),  CostFromHeight:378750 
2021/01/05 02:37:57.175 [D] [msgGas_tmp.go:38]  DEBUG: CalculateMsgGasData(),  CostFromHeight:378800 
2021/01/05 02:38:27.174 [D] [msgGas_tmp.go:38]  DEBUG: CalculateMsgGasData(),  CostFromHeight:378850 
2021/01/05 02:38:57.177 [D] [msgGas_tmp.go:38]  DEBUG: CalculateMsgGasData(),  CostFromHeight:378900 
2021/01/05 02:39:27.179 [D] [msgGas_tmp.go:38]  DEBUG: CalculateMsgGasData(),  CostFromHeight:378950 
2021/01/05 02:39:57.175 [D] [msgGas_tmp.go:38]  DEBUG: CalculateMsgGasData(),  CostFromHeight:379000 
2021/01/05 02:40:27.175 [D] [msgGas_tmp.go:38]  DEBUG: CalculateMsgGasData(),  CostFromHeight:379050 
2021/01/05 02:40:57.175 [D] [msgGas_tmp.go:38]  DEBUG: CalculateMsgGasData(),  CostFromHeight:379100 
2021/01/05 02:41:27.174 [D] [msgGas_tmp.go:38]  DEBUG: CalculateMsgGasData(),  CostFromHeight:379150 
2021/01/05 02:41:57.174 [D] [msgGas_tmp.go:38]  DEBUG: CalculateMsgGasData(),  CostFromHeight:379200 
2021/01/05 02:42:27.178 [D] [msgGas_tmp.go:38]  DEBUG: CalculateMsgGasData(),  CostFromHeight:379250 
2021/01/05 02:42:57.178 [D] [msgGas_tmp.go:38]  DEBUG: CalculateMsgGasData(),  CostFromHeight:379300 
2021/01/05 02:43:27.174 [D] [msgGas_tmp.go:38]  DEBUG: CalculateMsgGasData(),  CostFromHeight:379350 
2021/01/05 02:43:57.177 [D] [msgGas_tmp.go:38]  DEBUG: CalculateMsgGasData(),  CostFromHeight:379400 
2021/01/05 02:44:27.175 [D] [msgGas_tmp.go:38]  DEBUG: CalculateMsgGasData(),  CostFromHeight:379450 
2021/01/05 02:44:57.175 [D] [msgGas_tmp.go:38]  DEBUG: CalculateMsgGasData(),  CostFromHeight:379500 
2021/01/05 02:45:27.185 [D] [msgGas_tmp.go:38]  DEBUG: CalculateMsgGasData(),  CostFromHeight:379550 
2021/01/05 02:45:57.175 [D] [msgGas_tmp.go:38]  DEBUG: CalculateMsgGasData(),  CostFromHeight:379600 
2021/01/05 02:46:27.174 [D] [msgGas_tmp.go:38]  DEBUG: CalculateMsgGasData(),  CostFromHeight:379650 
2021/01/05 02:46:57.175 [D] [msgGas_tmp.go:38]  DEBUG: CalculateMsgGasData(),  CostFromHeight:379700 
2021/01/05 02:47:27.175 [D] [msgGas_tmp.go:38]  DEBUG: CalculateMsgGasData(),  CostFromHeight:379750 
2021/01/05 02:47:57.176 [D] [msgGas_tmp.go:38]  DEBUG: CalculateMsgGasData(),  CostFromHeight:379800 
2021/01/05 02:48:27.175 [D] [msgGas_tmp.go:38]  DEBUG: CalculateMsgGasData(),  CostFromHeight:379850 
2021/01/05 02:48:57.176 [D] [msgGas_tmp.go:38]  DEBUG: CalculateMsgGasData(),  CostFromHeight:379900 
2021/01/05 02:49:27.174 [D] [msgGas_tmp.go:38]  DEBUG: CalculateMsgGasData(),  CostFromHeight:379950 
2021/01/05 02:49:57.176 [D] [msgGas_tmp.go:38]  DEBUG: CalculateMsgGasData(),  CostFromHeight:380000 
2021/01/05 02:50:27.175 [D] [msgGas_tmp.go:38]  DEBUG: CalculateMsgGasData(),  CostFromHeight:380050 
2021/01/05 02:50:57.175 [D] [msgGas_tmp.go:38]  DEBUG: CalculateMsgGasData(),  CostFromHeight:380100 
2021/01/05 02:51:27.174 [D] [msgGas_tmp.go:38]  DEBUG: CalculateMsgGasData(),  CostFromHeight:380150 
2021/01/05 02:51:57.175 [D] [msgGas_tmp.go:38]  DEBUG: CalculateMsgGasData(),  CostFromHeight:380200 
2021/01/05 02:52:27.174 [D] [msgGas_tmp.go:38]  DEBUG: CalculateMsgGasData(),  CostFromHeight:380250 
2021/01/05 02:52:57.175 [D] [msgGas_tmp.go:38]  DEBUG: CalculateMsgGasData(),  CostFromHeight:380300 
2021/01/05 02:53:27.174 [D] [msgGas_tmp.go:38]  DEBUG: CalculateMsgGasData(),  CostFromHeight:380350 
2021/01/05 02:53:57.175 [D] [msgGas_tmp.go:38]  DEBUG: CalculateMsgGasData(),  CostFromHeight:380400 
2021/01/05 02:54:27.176 [D] [msgGas_tmp.go:38]  DEBUG: CalculateMsgGasData(),  CostFromHeight:380450 
2021/01/05 02:54:57.178 [D] [msgGas_tmp.go:38]  DEBUG: CalculateMsgGasData(),  CostFromHeight:380500 
2021/01/05 02:55:27.176 [D] [msgGas_tmp.go:38]  DEBUG: CalculateMsgGasData(),  CostFromHeight:380550 
2021/01/05 02:55:57.179 [D] [msgGas_tmp.go:38]  DEBUG: CalculateMsgGasData(),  CostFromHeight:380600 
2021/01/05 02:56:27.175 [D] [msgGas_tmp.go:38]  DEBUG: CalculateMsgGasData(),  CostFromHeight:380650 
2021/01/05 02:56:57.174 [D] [msgGas_tmp.go:38]  DEBUG: CalculateMsgGasData(),  CostFromHeight:380700 
2021/01/05 02:57:27.178 [D] [msgGas_tmp.go:38]  DEBUG: CalculateMsgGasData(),  CostFromHeight:380750 
2021/01/05 02:57:57.179 [D] [msgGas_tmp.go:38]  DEBUG: CalculateMsgGasData(),  CostFromHeight:380800 
2021/01/05 02:58:27.177 [D] [msgGas_tmp.go:38]  DEBUG: CalculateMsgGasData(),  CostFromHeight:380850 
2021/01/05 02:58:57.175 [D] [msgGas_tmp.go:38]  DEBUG: CalculateMsgGasData(),  CostFromHeight:380900 
2021/01/05 02:59:27.178 [D] [msgGas_tmp.go:38]  DEBUG: CalculateMsgGasData(),  CostFromHeight:380950 
2021/01/05 02:59:57.174 [D] [msgGas_tmp.go:38]  DEBUG: CalculateMsgGasData(),  CostFromHeight:381000 
2021/01/05 03:00:27.174 [D] [msgGas_tmp.go:38]  DEBUG: CalculateMsgGasData(),  CostFromHeight:381050 
2021/01/05 03:00:57.175 [D] [msgGas_tmp.go:38]  DEBUG: CalculateMsgGasData(),  CostFromHeight:381100 
2021/01/05 03:01:27.179 [D] [msgGas_tmp.go:38]  DEBUG: CalculateMsgGasData(),  CostFromHeight:381150 
2021/01/05 03:01:57.175 [D] [msgGas_tmp.go:38]  DEBUG: CalculateMsgGasData(),  CostFromHeight:381200 
2021/01/05 03:02:27.175 [D] [msgGas_tmp.go:38]  DEBUG: CalculateMsgGasData(),  CostFromHeight:381250 
2021/01/05 03:02:57.175 [D] [msgGas_tmp.go:38]  DEBUG: CalculateMsgGasData(),  CostFromHeight:381300 
2021/01/05 03:03:27.175 [D] [msgGas_tmp.go:38]  DEBUG: CalculateMsgGasData(),  CostFromHeight:381350 
2021/01/05 03:03:57.175 [D] [msgGas_tmp.go:38]  DEBUG: CalculateMsgGasData(),  CostFromHeight:381400 
2021/01/05 03:04:27.176 [D] [msgGas_tmp.go:38]  DEBUG: CalculateMsgGasData(),  CostFromHeight:381450 
2021/01/05 03:04:57.175 [D] [msgGas_tmp.go:38]  DEBUG: CalculateMsgGasData(),  CostFromHeight:381500 
2021/01/05 03:05:27.175 [D] [msgGas_tmp.go:38]  DEBUG: CalculateMsgGasData(),  CostFromHeight:381550 
2021/01/05 03:05:57.231 [D] [msgGas_tmp.go:38]  DEBUG: CalculateMsgGasData(),  CostFromHeight:381600 
2021/01/05 03:06:27.174 [D] [msgGas_tmp.go:38]  DEBUG: CalculateMsgGasData(),  CostFromHeight:381650 
2021/01/05 03:06:57.175 [D] [msgGas_tmp.go:38]  DEBUG: CalculateMsgGasData(),  CostFromHeight:381700 
2021/01/05 03:07:27.175 [D] [msgGas_tmp.go:38]  DEBUG: CalculateMsgGasData(),  CostFromHeight:400000 
2021/01/05 03:07:57.176 [D] [msgGas_tmp.go:38]  DEBUG: CalculateMsgGasData(),  CostFromHeight:400000 
2021/01/05 03:08:27.175 [D] [msgGas_tmp.go:38]  DEBUG: CalculateMsgGasData(),  CostFromHeight:400000 
2021/01/05 03:08:57.192 [D] [msgGas_tmp.go:38]  DEBUG: CalculateMsgGasData(),  CostFromHeight:400000 
2021/01/05 03:09:27.175 [D] [msgGas_tmp.go:38]  DEBUG: CalculateMsgGasData(),  CostFromHeight:400000 
2021/01/05 03:09:57.177 [D] [msgGas_tmp.go:38]  DEBUG: CalculateMsgGasData(),  CostFromHeight:400000 
2021/01/05 03:10:27.179 [D] [msgGas_tmp.go:38]  DEBUG: CalculateMsgGasData(),  CostFromHeight:400000 
2021/01/05 03:10:57.177 [D] [msgGas_tmp.go:38]  DEBUG: CalculateMsgGasData(),  CostFromHeight:400000 
2021/01/05 03:11:27.178 [D] [msgGas_tmp.go:38]  DEBUG: CalculateMsgGasData(),  CostFromHeight:400000 
2021/01/05 03:11:57.174 [D] [msgGas_tmp.go:38]  DEBUG: CalculateMsgGasData(),  CostFromHeight:400000 
2021/01/05 03:12:27.176 [D] [msgGas_tmp.go:38]  DEBUG: CalculateMsgGasData(),  CostFromHeight:400000 
2021/01/05 03:12:57.176 [D] [msgGas_tmp.go:38]  DEBUG: CalculateMsgGasData(),  CostFromHeight:400000 
2021/01/05 03:13:27.178 [D] [msgGas_tmp.go:38]  DEBUG: CalculateMsgGasData(),  CostFromHeight:400000 
2021/01/05 03:13:57.178 [D] [msgGas_tmp.go:38]  DEBUG: CalculateMsgGasData(),  CostFromHeight:400000 
2021/01/05 03:14:27.177 [D] [msgGas_tmp.go:38]  DEBUG: CalculateMsgGasData(),  CostFromHeight:400000 
2021/01/05 03:14:57.178 [D] [msgGas_tmp.go:38]  DEBUG: CalculateMsgGasData(),  CostFromHeight:400000 
2021/01/05 03:15:27.175 [D] [msgGas_tmp.go:38]  DEBUG: CalculateMsgGasData(),  CostFromHeight:400000 
2021/01/05 03:15:57.174 [D] [msgGas_tmp.go:38]  DEBUG: CalculateMsgGasData(),  CostFromHeight:400000 
2021/01/05 03:16:27.176 [D] [msgGas_tmp.go:38]  DEBUG: CalculateMsgGasData(),  CostFromHeight:400000 
2021/01/05 03:16:57.174 [D] [msgGas_tmp.go:38]  DEBUG: CalculateMsgGasData(),  CostFromHeight:400000 
2021/01/05 03:17:27.175 [D] [msgGas_tmp.go:38]  DEBUG: CalculateMsgGasData(),  CostFromHeight:400000 
2021/01/05 03:17:57.175 [D] [msgGas_tmp.go:38]  DEBUG: CalculateMsgGasData(),  CostFromHeight:400000 
2021/01/05 03:18:27.175 [D] [msgGas_tmp.go:38]  DEBUG: CalculateMsgGasData(),  CostFromHeight:400000 
2021/01/05 03:18:57.176 [D] [msgGas_tmp.go:38]  DEBUG: CalculateMsgGasData(),  CostFromHeight:400000 
2021/01/05 03:19:27.176 [D] [msgGas_tmp.go:38]  DEBUG: CalculateMsgGasData(),  CostFromHeight:400000 
2021/01/05 03:19:57.175 [D] [msgGas_tmp.go:38]  DEBUG: CalculateMsgGasData(),  CostFromHeight:400000 
2021/01/05 03:20:27.175 [D] [msgGas_tmp.go:38]  DEBUG: CalculateMsgGasData(),  CostFromHeight:400000 
2021/01/05 03:20:57.175 [D] [msgGas_tmp.go:38]  DEBUG: CalculateMsgGasData(),  CostFromHeight:400000 
2021/01/05 03:21:27.175 [D] [msgGas_tmp.go:38]  DEBUG: CalculateMsgGasData(),  CostFromHeight:400000 
2021/01/05 03:21:57.175 [D] [msgGas_tmp.go:38]  DEBUG: CalculateMsgGasData(),  CostFromHeight:400000 
2021/01/05 03:22:27.175 [D] [msgGas_tmp.go:38]  DEBUG: CalculateMsgGasData(),  CostFromHeight:400000 
2021/01/05 03:22:57.175 [D] [msgGas_tmp.go:38]  DEBUG: CalculateMsgGasData(),  CostFromHeight:400000 
2021/01/05 03:23:27.175 [D] [msgGas_tmp.go:38]  DEBUG: CalculateMsgGasData(),  CostFromHeight:400000 
2021/01/05 03:23:57.175 [D] [msgGas_tmp.go:38]  DEBUG: CalculateMsgGasData(),  CostFromHeight:400000 
2021/01/05 03:24:27.175 [D] [msgGas_tmp.go:38]  DEBUG: CalculateMsgGasData(),  CostFromHeight:400000 
2021/01/05 03:24:57.175 [D] [msgGas_tmp.go:38]  DEBUG: CalculateMsgGasData(),  CostFromHeight:400000 
2021/01/05 03:25:27.176 [D] [msgGas_tmp.go:38]  DEBUG: CalculateMsgGasData(),  CostFromHeight:400000 
2021/01/05 03:25:57.174 [D] [msgGas_tmp.go:38]  DEBUG: CalculateMsgGasData(),  CostFromHeight:400000 
2021/01/05 03:26:27.177 [D] [msgGas_tmp.go:38]  DEBUG: CalculateMsgGasData(),  CostFromHeight:400000 
2021/01/05 03:26:57.175 [D] [msgGas_tmp.go:38]  DEBUG: CalculateMsgGasData(),  CostFromHeight:400000 
2021/01/05 03:27:27.177 [D] [msgGas_tmp.go:38]  DEBUG: CalculateMsgGasData(),  CostFromHeight:400000 
2021/01/05 03:27:57.178 [D] [msgGas_tmp.go:38]  DEBUG: CalculateMsgGasData(),  CostFromHeight:400000 
2021/01/05 03:28:27.178 [D] [msgGas_tmp.go:38]  DEBUG: CalculateMsgGasData(),  CostFromHeight:400000 
2021/01/05 03:28:57.177 [D] [msgGas_tmp.go:38]  DEBUG: CalculateMsgGasData(),  CostFromHeight:400000 
2021/01/05 03:29:27.175 [D] [msgGas_tmp.go:38]  DEBUG: CalculateMsgGasData(),  CostFromHeight:400000 
2021/01/05 03:29:57.175 [D] [msgGas_tmp.go:38]  DEBUG: CalculateMsgGasData(),  CostFromHeight:400000 
2021/01/05 03:30:27.178 [D] [msgGas_tmp.go:38]  DEBUG: CalculateMsgGasData(),  CostFromHeight:400000 
2021/01/05 03:30:57.176 [D] [msgGas_tmp.go:38]  DEBUG: CalculateMsgGasData(),  CostFromHeight:400000 
2021/01/05 03:31:27.178 [D] [msgGas_tmp.go:38]  DEBUG: CalculateMsgGasData(),  CostFromHeight:400000 
2021/01/05 03:31:57.174 [D] [msgGas_tmp.go:38]  DEBUG: CalculateMsgGasData(),  CostFromHeight:400000 
2021/01/05 03:32:27.175 [D] [msgGas_tmp.go:38]  DEBUG: CalculateMsgGasData(),  CostFromHeight:400000 
2021/01/05 03:32:57.175 [D] [msgGas_tmp.go:38]  DEBUG: CalculateMsgGasData(),  CostFromHeight:400000 
2021/01/05 03:33:27.177 [D] [msgGas_tmp.go:38]  DEBUG: CalculateMsgGasData(),  CostFromHeight:400000 
2021/01/05 03:33:57.175 [D] [msgGas_tmp.go:38]  DEBUG: CalculateMsgGasData(),  CostFromHeight:400000 
2021/01/05 03:34:27.177 [D] [msgGas_tmp.go:38]  DEBUG: CalculateMsgGasData(),  CostFromHeight:400000 
2021/01/05 03:34:57.175 [D] [msgGas_tmp.go:38]  DEBUG: CalculateMsgGasData(),  CostFromHeight:400000 
2021/01/05 03:35:27.175 [D] [msgGas_tmp.go:38]  DEBUG: CalculateMsgGasData(),  CostFromHeight:400000 
2021/01/05 03:35:57.176 [D] [msgGas_tmp.go:38]  DEBUG: CalculateMsgGasData(),  CostFromHeight:400000 
2021/01/05 03:36:27.228 [D] [msgGas_tmp.go:38]  DEBUG: CalculateMsgGasData(),  CostFromHeight:400000 
2021/01/05 03:36:57.174 [D] [msgGas_tmp.go:38]  DEBUG: CalculateMsgGasData(),  CostFromHeight:400000 
2021/01/05 03:37:27.175 [D] [msgGas_tmp.go:38]  DEBUG: CalculateMsgGasData(),  CostFromHeight:400000 
2021/01/05 03:37:57.174 [D] [msgGas_tmp.go:38]  DEBUG: CalculateMsgGasData(),  CostFromHeight:400000 
2021/01/05 03:38:27.176 [D] [msgGas_tmp.go:38]  DEBUG: CalculateMsgGasData(),  CostFromHeight:400000 
2021/01/05 03:38:57.177 [D] [msgGas_tmp.go:38]  DEBUG: CalculateMsgGasData(),  CostFromHeight:400000 
2021/01/05 03:39:27.175 [D] [msgGas_tmp.go:38]  DEBUG: CalculateMsgGasData(),  CostFromHeight:400000 
2021/01/05 03:39:57.176 [D] [msgGas_tmp.go:38]  DEBUG: CalculateMsgGasData(),  CostFromHeight:400000 
2021/01/05 03:40:27.175 [D] [msgGas_tmp.go:38]  DEBUG: CalculateMsgGasData(),  CostFromHeight:400000 
2021/01/05 03:40:57.175 [D] [msgGas_tmp.go:38]  DEBUG: CalculateMsgGasData(),  CostFromHeight:400000 
2021/01/05 03:41:27.175 [D] [msgGas_tmp.go:38]  DEBUG: CalculateMsgGasData(),  CostFromHeight:400000 
2021/01/05 03:41:57.175 [D] [msgGas_tmp.go:38]  DEBUG: CalculateMsgGasData(),  CostFromHeight:400000 
2021/01/05 03:42:27.174 [D] [msgGas_tmp.go:38]  DEBUG: CalculateMsgGasData(),  CostFromHeight:400000 
2021/01/05 03:42:57.254 [D] [msgGas_tmp.go:38]  DEBUG: CalculateMsgGasData(),  CostFromHeight:400000 
2021/01/05 03:43:27.175 [D] [msgGas_tmp.go:38]  DEBUG: CalculateMsgGasData(),  CostFromHeight:400000 
2021/01/05 03:43:57.175 [D] [msgGas_tmp.go:38]  DEBUG: CalculateMsgGasData(),  CostFromHeight:400000 
2021/01/05 03:44:27.175 [D] [msgGas_tmp.go:38]  DEBUG: CalculateMsgGasData(),  CostFromHeight:400000 
2021/01/05 03:44:57.175 [D] [msgGas_tmp.go:38]  DEBUG: CalculateMsgGasData(),  CostFromHeight:400000 
2021/01/05 03:45:27.176 [D] [msgGas_tmp.go:38]  DEBUG: CalculateMsgGasData(),  CostFromHeight:400000 
2021/01/05 03:45:57.175 [D] [msgGas_tmp.go:38]  DEBUG: CalculateMsgGasData(),  CostFromHeight:400000 
2021/01/05 03:46:27.177 [D] [msgGas_tmp.go:38]  DEBUG: CalculateMsgGasData(),  CostFromHeight:400000 
2021/01/05 03:46:57.174 [D] [msgGas_tmp.go:38]  DEBUG: CalculateMsgGasData(),  CostFromHeight:400000 
2021/01/05 03:47:27.179 [D] [msgGas_tmp.go:38]  DEBUG: CalculateMsgGasData(),  CostFromHeight:400000 
2021/01/05 03:47:57.178 [D] [msgGas_tmp.go:38]  DEBUG: CalculateMsgGasData(),  CostFromHeight:400000 
2021/01/05 03:48:27.177 [D] [msgGas_tmp.go:38]  DEBUG: CalculateMsgGasData(),  CostFromHeight:400000 
2021/01/05 03:48:57.174 [D] [msgGas_tmp.go:38]  DEBUG: CalculateMsgGasData(),  CostFromHeight:400000 
2021/01/05 03:49:27.178 [D] [msgGas_tmp.go:38]  DEBUG: CalculateMsgGasData(),  CostFromHeight:400000 
2021/01/05 03:49:57.178 [D] [msgGas_tmp.go:38]  DEBUG: CalculateMsgGasData(),  CostFromHeight:400000 
2021/01/05 03:50:27.174 [D] [msgGas_tmp.go:38]  DEBUG: CalculateMsgGasData(),  CostFromHeight:400000 
2021/01/05 03:50:57.174 [D] [msgGas_tmp.go:38]  DEBUG: CalculateMsgGasData(),  CostFromHeight:400000 
2021/01/05 03:51:27.174 [D] [msgGas_tmp.go:38]  DEBUG: CalculateMsgGasData(),  CostFromHeight:400000 
2021/01/05 03:51:57.175 [D] [msgGas_tmp.go:38]  DEBUG: CalculateMsgGasData(),  CostFromHeight:400000 
2021/01/05 03:52:27.178 [D] [msgGas_tmp.go:38]  DEBUG: CalculateMsgGasData(),  CostFromHeight:400000 
2021/01/05 03:52:57.175 [D] [msgGas_tmp.go:38]  DEBUG: CalculateMsgGasData(),  CostFromHeight:400000 
2021/01/05 03:53:27.175 [D] [msgGas_tmp.go:38]  DEBUG: CalculateMsgGasData(),  CostFromHeight:400000 
2021/01/05 03:53:57.175 [D] [msgGas_tmp.go:38]  DEBUG: CalculateMsgGasData(),  CostFromHeight:400000 
2021/01/05 03:54:27.175 [D] [msgGas_tmp.go:38]  DEBUG: CalculateMsgGasData(),  CostFromHeight:400000 
2021/01/05 03:54:57.175 [D] [msgGas_tmp.go:38]  DEBUG: CalculateMsgGasData(),  CostFromHeight:400000 
2021/01/05 03:55:27.175 [D] [msgGas_tmp.go:38]  DEBUG: CalculateMsgGasData(),  CostFromHeight:400000 
2021/01/05 03:55:57.175 [D] [msgGas_tmp.go:38]  DEBUG: CalculateMsgGasData(),  CostFromHeight:400000 
2021/01/05 03:56:27.229 [D] [msgGas_tmp.go:38]  DEBUG: CalculateMsgGasData(),  CostFromHeight:400000 
2021/01/05 03:56:57.174 [D] [msgGas_tmp.go:38]  DEBUG: CalculateMsgGasData(),  CostFromHeight:400000 
2021/01/05 03:57:27.174 [D] [msgGas_tmp.go:38]  DEBUG: CalculateMsgGasData(),  CostFromHeight:400000 
2021/01/05 03:57:57.175 [D] [msgGas_tmp.go:38]  DEBUG: CalculateMsgGasData(),  CostFromHeight:400000 
2021/01/05 03:58:27.177 [D] [msgGas_tmp.go:38]  DEBUG: CalculateMsgGasData(),  CostFromHeight:400000 
2021/01/05 03:58:57.174 [D] [msgGas_tmp.go:38]  DEBUG: CalculateMsgGasData(),  CostFromHeight:400000 
2021/01/05 03:59:27.175 [D] [msgGas_tmp.go:38]  DEBUG: CalculateMsgGasData(),  CostFromHeight:400000 
2021/01/05 03:59:57.175 [D] [msgGas_tmp.go:38]  DEBUG: CalculateMsgGasData(),  CostFromHeight:400000 
2021/01/05 04:00:27.175 [D] [msgGas_tmp.go:38]  DEBUG: CalculateMsgGasData(),  CostFromHeight:400000 
2021/01/05 04:00:57.176 [D] [msgGas_tmp.go:38]  DEBUG: CalculateMsgGasData(),  CostFromHeight:400000 
2021/01/05 04:01:27.176 [D] [msgGas_tmp.go:38]  DEBUG: CalculateMsgGasData(),  CostFromHeight:400000 
2021/01/05 04:01:57.175 [D] [msgGas_tmp.go:38]  DEBUG: CalculateMsgGasData(),  CostFromHeight:400000 
2021/01/05 04:02:27.175 [D] [msgGas_tmp.go:38]  DEBUG: CalculateMsgGasData(),  CostFromHeight:400000 
2021/01/05 04:02:57.174 [D] [msgGas_tmp.go:38]  DEBUG: CalculateMsgGasData(),  CostFromHeight:400000 
2021/01/05 04:03:27.175 [D] [msgGas_tmp.go:38]  DEBUG: CalculateMsgGasData(),  CostFromHeight:400000 
2021/01/05 04:03:57.174 [D] [msgGas_tmp.go:38]  DEBUG: CalculateMsgGasData(),  CostFromHeight:400000 
2021/01/05 04:04:27.177 [D] [msgGas_tmp.go:38]  DEBUG: CalculateMsgGasData(),  CostFromHeight:400000 
2021/01/05 04:04:57.179 [D] [msgGas_tmp.go:38]  DEBUG: CalculateMsgGasData(),  CostFromHeight:400000 
2021/01/05 04:05:27.178 [D] [msgGas_tmp.go:38]  DEBUG: CalculateMsgGasData(),  CostFromHeight:400000 
2021/01/05 04:05:57.177 [D] [msgGas_tmp.go:38]  DEBUG: CalculateMsgGasData(),  CostFromHeight:400000 
2021/01/05 04:06:27.177 [D] [msgGas_tmp.go:38]  DEBUG: CalculateMsgGasData(),  CostFromHeight:400000 
2021/01/05 04:06:57.186 [D] [msgGas_tmp.go:38]  DEBUG: CalculateMsgGasData(),  CostFromHeight:400000 
2021/01/05 04:07:27.178 [D] [msgGas_tmp.go:38]  DEBUG: CalculateMsgGasData(),  CostFromHeight:400000 
2021/01/05 04:07:57.178 [D] [msgGas_tmp.go:38]  DEBUG: CalculateMsgGasData(),  CostFromHeight:400000 
2021/01/05 04:08:27.178 [D] [msgGas_tmp.go:38]  DEBUG: CalculateMsgGasData(),  CostFromHeight:400000 
2021/01/05 04:08:57.178 [D] [msgGas_tmp.go:38]  DEBUG: CalculateMsgGasData(),  CostFromHeight:400000 
2021/01/05 04:09:27.178 [D] [msgGas_tmp.go:38]  DEBUG: CalculateMsgGasData(),  CostFromHeight:400000 
2021/01/05 04:09:57.177 [D] [msgGas_tmp.go:38]  DEBUG: CalculateMsgGasData(),  CostFromHeight:400000 
2021/01/05 04:10:27.175 [D] [msgGas_tmp.go:38]  DEBUG: CalculateMsgGasData(),  CostFromHeight:400000 
2021/01/05 04:10:57.174 [D] [msgGas_tmp.go:38]  DEBUG: CalculateMsgGasData(),  CostFromHeight:400000 
2021/01/05 04:11:27.175 [D] [msgGas_tmp.go:38]  DEBUG: CalculateMsgGasData(),  CostFromHeight:400000 
2021/01/05 04:11:57.174 [D] [msgGas_tmp.go:38]  DEBUG: CalculateMsgGasData(),  CostFromHeight:400000 
2021/01/05 04:12:27.175 [D] [msgGas_tmp.go:38]  DEBUG: CalculateMsgGasData(),  CostFromHeight:400000 
2021/01/05 04:12:57.175 [D] [msgGas_tmp.go:38]  DEBUG: CalculateMsgGasData(),  CostFromHeight:400000 
2021/01/05 04:13:27.175 [D] [msgGas_tmp.go:38]  DEBUG: CalculateMsgGasData(),  CostFromHeight:400000 
2021/01/05 04:13:57.175 [D] [msgGas_tmp.go:38]  DEBUG: CalculateMsgGasData(),  CostFromHeight:400000 
2021/01/05 04:14:27.174 [D] [msgGas_tmp.go:38]  DEBUG: CalculateMsgGasData(),  CostFromHeight:400000 
2021/01/05 04:14:57.175 [D] [msgGas_tmp.go:38]  DEBUG: CalculateMsgGasData(),  CostFromHeight:400000 
2021/01/05 04:15:27.174 [D] [msgGas_tmp.go:38]  DEBUG: CalculateMsgGasData(),  CostFromHeight:400000 
2021/01/05 04:15:57.174 [D] [msgGas_tmp.go:38]  DEBUG: CalculateMsgGasData(),  CostFromHeight:400000 
2021/01/05 04:16:27.175 [D] [msgGas_tmp.go:38]  DEBUG: CalculateMsgGasData(),  CostFromHeight:400000 
2021/01/05 04:16:57.174 [D] [msgGas_tmp.go:38]  DEBUG: CalculateMsgGasData(),  CostFromHeight:400000 
2021/01/05 04:17:27.175 [D] [msgGas_tmp.go:38]  DEBUG: CalculateMsgGasData(),  CostFromHeight:400000 
2021/01/05 04:17:57.176 [D] [msgGas_tmp.go:38]  DEBUG: CalculateMsgGasData(),  CostFromHeight:400000 
2021/01/05 04:18:27.175 [D] [msgGas_tmp.go:38]  DEBUG: CalculateMsgGasData(),  CostFromHeight:400000 
2021/01/05 04:18:57.176 [D] [msgGas_tmp.go:38]  DEBUG: CalculateMsgGasData(),  CostFromHeight:400000 
2021/01/05 04:19:27.175 [D] [msgGas_tmp.go:38]  DEBUG: CalculateMsgGasData(),  CostFromHeight:400000 
2021/01/05 04:19:57.175 [D] [msgGas_tmp.go:38]  DEBUG: CalculateMsgGasData(),  CostFromHeight:400000 
2021/01/05 04:20:27.175 [D] [msgGas_tmp.go:38]  DEBUG: CalculateMsgGasData(),  CostFromHeight:400000 
2021/01/05 04:20:57.175 [D] [msgGas_tmp.go:38]  DEBUG: CalculateMsgGasData(),  CostFromHeight:400000 
2021/01/05 04:21:27.176 [D] [msgGas_tmp.go:38]  DEBUG: CalculateMsgGasData(),  CostFromHeight:400000 
2021/01/05 04:21:57.174 [D] [msgGas_tmp.go:38]  DEBUG: CalculateMsgGasData(),  CostFromHeight:400000 
2021/01/05 04:22:27.179 [D] [msgGas_tmp.go:38]  DEBUG: CalculateMsgGasData(),  CostFromHeight:400000 
2021/01/05 04:22:57.174 [D] [msgGas_tmp.go:38]  DEBUG: CalculateMsgGasData(),  CostFromHeight:400000 
2021/01/05 04:23:27.178 [D] [msgGas_tmp.go:38]  DEBUG: CalculateMsgGasData(),  CostFromHeight:400000 
2021/01/05 04:23:57.175 [D] [msgGas_tmp.go:38]  DEBUG: CalculateMsgGasData(),  CostFromHeight:400000 
2021/01/05 04:24:27.175 [D] [msgGas_tmp.go:38]  DEBUG: CalculateMsgGasData(),  CostFromHeight:400000 
2021/01/05 04:24:57.175 [D] [msgGas_tmp.go:38]  DEBUG: CalculateMsgGasData(),  CostFromHeight:400000 
2021/01/05 04:25:27.175 [D] [msgGas_tmp.go:38]  DEBUG: CalculateMsgGasData(),  CostFromHeight:400000 
2021/01/05 04:25:57.175 [D] [msgGas_tmp.go:38]  DEBUG: CalculateMsgGasData(),  CostFromHeight:400000 
2021/01/05 04:26:27.176 [D] [msgGas_tmp.go:38]  DEBUG: CalculateMsgGasData(),  CostFromHeight:400000 
2021/01/05 04:26:57.177 [D] [msgGas_tmp.go:38]  DEBUG: CalculateMsgGasData(),  CostFromHeight:400000 
2021/01/05 04:27:27.177 [D] [msgGas_tmp.go:38]  DEBUG: CalculateMsgGasData(),  CostFromHeight:400000 
2021/01/05 04:27:57.178 [D] [msgGas_tmp.go:38]  DEBUG: CalculateMsgGasData(),  CostFromHeight:400000 
2021/01/05 04:28:27.179 [D] [msgGas_tmp.go:38]  DEBUG: CalculateMsgGasData(),  CostFromHeight:400000 
2021/01/05 04:28:57.179 [D] [msgGas_tmp.go:38]  DEBUG: CalculateMsgGasData(),  CostFromHeight:400000 
2021/01/05 04:29:27.178 [D] [msgGas_tmp.go:38]  DEBUG: CalculateMsgGasData(),  CostFromHeight:400000 
2021/01/05 04:29:57.178 [D] [msgGas_tmp.go:38]  DEBUG: CalculateMsgGasData(),  CostFromHeight:400000 
2021/01/05 04:30:27.175 [D] [msgGas_tmp.go:38]  DEBUG: CalculateMsgGasData(),  CostFromHeight:400000 
2021/01/05 04:30:57.175 [D] [msgGas_tmp.go:38]  DEBUG: CalculateMsgGasData(),  CostFromHeight:400000 
2021/01/05 04:31:27.175 [D] [msgGas_tmp.go:38]  DEBUG: CalculateMsgGasData(),  CostFromHeight:400000 
2021/01/05 04:31:57.174 [D] [msgGas_tmp.go:38]  DEBUG: CalculateMsgGasData(),  CostFromHeight:400000 
2021/01/05 04:32:27.175 [D] [msgGas_tmp.go:38]  DEBUG: CalculateMsgGasData(),  CostFromHeight:400000 
2021/01/05 04:32:57.177 [D] [msgGas_tmp.go:38]  DEBUG: CalculateMsgGasData(),  CostFromHeight:400000 
2021/01/05 04:33:27.175 [D] [msgGas_tmp.go:38]  DEBUG: CalculateMsgGasData(),  CostFromHeight:400000 
2021/01/05 04:33:57.175 [D] [msgGas_tmp.go:38]  DEBUG: CalculateMsgGasData(),  CostFromHeight:400000 
2021/01/05 04:34:27.175 [D] [msgGas_tmp.go:38]  DEBUG: CalculateMsgGasData(),  CostFromHeight:400000 
2021/01/05 04:34:57.175 [D] [msgGas_tmp.go:38]  DEBUG: CalculateMsgGasData(),  CostFromHeight:400000 
2021/01/05 04:35:27.174 [D] [msgGas_tmp.go:38]  DEBUG: CalculateMsgGasData(),  CostFromHeight:400000 
2021/01/05 04:35:57.175 [D] [msgGas_tmp.go:38]  DEBUG: CalculateMsgGasData(),  CostFromHeight:400000 
2021/01/05 04:36:27.176 [D] [msgGas_tmp.go:38]  DEBUG: CalculateMsgGasData(),  CostFromHeight:400000 
2021/01/05 04:36:57.175 [D] [msgGas_tmp.go:38]  DEBUG: CalculateMsgGasData(),  CostFromHeight:400000 
2021/01/05 04:37:27.177 [D] [msgGas_tmp.go:38]  DEBUG: CalculateMsgGasData(),  CostFromHeight:400000 
2021/01/05 04:37:57.178 [D] [msgGas_tmp.go:38]  DEBUG: CalculateMsgGasData(),  CostFromHeight:400000 
2021/01/05 04:38:27.178 [D] [msgGas_tmp.go:38]  DEBUG: CalculateMsgGasData(),  CostFromHeight:400000 
2021/01/05 04:38:57.178 [D] [msgGas_tmp.go:38]  DEBUG: CalculateMsgGasData(),  CostFromHeight:400000 
2021/01/05 04:39:27.178 [D] [msgGas_tmp.go:38]  DEBUG: CalculateMsgGasData(),  CostFromHeight:400000 
2021/01/05 04:39:57.180 [D] [msgGas_tmp.go:38]  DEBUG: CalculateMsgGasData(),  CostFromHeight:400000 
2021/01/05 04:40:27.179 [D] [msgGas_tmp.go:38]  DEBUG: CalculateMsgGasData(),  CostFromHeight:400000 
2021/01/05 04:40:57.178 [D] [msgGas_tmp.go:38]  DEBUG: CalculateMsgGasData(),  CostFromHeight:400000 
2021/01/05 04:41:27.177 [D] [msgGas_tmp.go:38]  DEBUG: CalculateMsgGasData(),  CostFromHeight:400000 
2021/01/05 04:41:57.175 [D] [msgGas_tmp.go:38]  DEBUG: CalculateMsgGasData(),  CostFromHeight:400000 
2021/01/05 04:42:27.175 [D] [msgGas_tmp.go:38]  DEBUG: CalculateMsgGasData(),  CostFromHeight:400000 
2021/01/05 04:42:57.175 [D] [msgGas_tmp.go:38]  DEBUG: CalculateMsgGasData(),  CostFromHeight:400000 
2021/01/05 04:43:27.175 [D] [msgGas_tmp.go:38]  DEBUG: CalculateMsgGasData(),  CostFromHeight:400000 
2021/01/05 04:43:57.175 [D] [msgGas_tmp.go:38]  DEBUG: CalculateMsgGasData(),  CostFromHeight:400000 
2021/01/05 04:44:27.175 [D] [msgGas_tmp.go:38]  DEBUG: CalculateMsgGasData(),  CostFromHeight:400000 
2021/01/05 04:44:57.175 [D] [msgGas_tmp.go:38]  DEBUG: CalculateMsgGasData(),  CostFromHeight:400000 
2021/01/05 04:45:27.175 [D] [msgGas_tmp.go:38]  DEBUG: CalculateMsgGasData(),  CostFromHeight:400000 
2021/01/05 04:45:57.176 [D] [msgGas_tmp.go:38]  DEBUG: CalculateMsgGasData(),  CostFromHeight:400000 
2021/01/05 04:46:27.176 [D] [msgGas_tmp.go:38]  DEBUG: CalculateMsgGasData(),  CostFromHeight:400000 
2021/01/05 04:46:57.177 [D] [msgGas_tmp.go:38]  DEBUG: CalculateMsgGasData(),  CostFromHeight:400000 
2021/01/05 04:47:27.178 [D] [msgGas_tmp.go:38]  DEBUG: CalculateMsgGasData(),  CostFromHeight:400000 
2021/01/05 04:47:57.174 [D] [msgGas_tmp.go:38]  DEBUG: CalculateMsgGasData(),  CostFromHeight:400000 
2021/01/05 04:48:27.178 [D] [msgGas_tmp.go:38]  DEBUG: CalculateMsgGasData(),  CostFromHeight:400000 
2021/01/05 04:48:57.179 [D] [msgGas_tmp.go:38]  DEBUG: CalculateMsgGasData(),  CostFromHeight:400000 
2021/01/05 04:49:27.174 [D] [msgGas_tmp.go:38]  DEBUG: CalculateMsgGasData(),  CostFromHeight:400000 
2021/01/05 04:49:57.178 [D] [msgGas_tmp.go:38]  DEBUG: CalculateMsgGasData(),  CostFromHeight:400000 
2021/01/05 04:50:27.178 [D] [msgGas_tmp.go:38]  DEBUG: CalculateMsgGasData(),  CostFromHeight:400000 
2021/01/05 04:50:57.177 [D] [msgGas_tmp.go:38]  DEBUG: CalculateMsgGasData(),  CostFromHeight:400000 
2021/01/05 04:51:27.178 [D] [msgGas_tmp.go:38]  DEBUG: CalculateMsgGasData(),  CostFromHeight:400000 
2021/01/05 04:51:57.175 [D] [msgGas_tmp.go:38]  DEBUG: CalculateMsgGasData(),  CostFromHeight:400000 
2021/01/05 04:52:27.178 [D] [msgGas_tmp.go:38]  DEBUG: CalculateMsgGasData(),  CostFromHeight:400000 
2021/01/05 04:52:57.179 [D] [msgGas_tmp.go:38]  DEBUG: CalculateMsgGasData(),  CostFromHeight:400000 
2021/01/05 04:53:27.178 [D] [msgGas_tmp.go:38]  DEBUG: CalculateMsgGasData(),  CostFromHeight:400000 
2021/01/05 04:53:57.178 [D] [msgGas_tmp.go:38]  DEBUG: CalculateMsgGasData(),  CostFromHeight:400000 
2021/01/05 04:54:27.176 [D] [msgGas_tmp.go:38]  DEBUG: CalculateMsgGasData(),  CostFromHeight:400000 
2021/01/05 04:54:57.175 [D] [msgGas_tmp.go:38]  DEBUG: CalculateMsgGasData(),  CostFromHeight:400000 
2021/01/05 04:55:27.176 [D] [msgGas_tmp.go:38]  DEBUG: CalculateMsgGasData(),  CostFromHeight:400000 
2021/01/05 04:55:57.176 [D] [msgGas_tmp.go:38]  DEBUG: CalculateMsgGasData(),  CostFromHeight:400000 
2021/01/05 04:56:27.175 [D] [msgGas_tmp.go:38]  DEBUG: CalculateMsgGasData(),  CostFromHeight:400000 
2021/01/05 04:56:57.174 [D] [msgGas_tmp.go:38]  DEBUG: CalculateMsgGasData(),  CostFromHeight:400000 
2021/01/05 04:57:27.225 [D] [msgGas_tmp.go:38]  DEBUG: CalculateMsgGasData(),  CostFromHeight:400000 
2021/01/05 04:57:57.177 [D] [msgGas_tmp.go:38]  DEBUG: CalculateMsgGasData(),  CostFromHeight:400000 
2021/01/05 04:58:27.210 [D] [msgGas_tmp.go:38]  DEBUG: CalculateMsgGasData(),  CostFromHeight:400000 
2021/01/05 04:58:57.178 [D] [msgGas_tmp.go:38]  DEBUG: CalculateMsgGasData(),  CostFromHeight:400000 
2021/01/05 04:59:27.175 [D] [msgGas_tmp.go:38]  DEBUG: CalculateMsgGasData(),  CostFromHeight:400000 
2021/01/05 04:59:57.175 [D] [msgGas_tmp.go:38]  DEBUG: CalculateMsgGasData(),  CostFromHeight:400000 
2021/01/05 05:00:27.175 [D] [msgGas_tmp.go:38]  DEBUG: CalculateMsgGasData(),  CostFromHeight:400000 
2021/01/05 05:00:57.175 [D] [msgGas_tmp.go:38]  DEBUG: CalculateMsgGasData(),  CostFromHeight:400000 
2021/01/05 05:01:27.174 [D] [msgGas_tmp.go:38]  DEBUG: CalculateMsgGasData(),  CostFromHeight:400000 
2021/01/05 05:01:57.175 [D] [msgGas_tmp.go:38]  DEBUG: CalculateMsgGasData(),  CostFromHeight:400000 
2021/01/05 05:02:27.175 [D] [msgGas_tmp.go:38]  DEBUG: CalculateMsgGasData(),  CostFromHeight:400000 
2021/01/05 05:02:57.174 [D] [msgGas_tmp.go:38]  DEBUG: CalculateMsgGasData(),  CostFromHeight:400000 
2021/01/05 05:03:27.176 [D] [msgGas_tmp.go:38]  DEBUG: CalculateMsgGasData(),  CostFromHeight:400000 
2021/01/05 05:03:57.175 [D] [msgGas_tmp.go:38]  DEBUG: CalculateMsgGasData(),  CostFromHeight:400000 
2021/01/05 05:04:27.175 [D] [msgGas_tmp.go:38]  DEBUG: CalculateMsgGasData(),  CostFromHeight:400000 
2021/01/05 05:04:57.175 [D] [msgGas_tmp.go:38]  DEBUG: CalculateMsgGasData(),  CostFromHeight:400000 
2021/01/05 05:05:27.174 [D] [msgGas_tmp.go:38]  DEBUG: CalculateMsgGasData(),  CostFromHeight:400000 
2021/01/05 05:05:57.176 [D] [msgGas_tmp.go:38]  DEBUG: CalculateMsgGasData(),  CostFromHeight:400000 
2021/01/05 05:06:27.178 [D] [msgGas_tmp.go:38]  DEBUG: CalculateMsgGasData(),  CostFromHeight:400000 
2021/01/05 05:06:57.174 [D] [msgGas_tmp.go:38]  DEBUG: CalculateMsgGasData(),  CostFromHeight:400000 
2021/01/05 05:07:27.179 [D] [msgGas_tmp.go:38]  DEBUG: CalculateMsgGasData(),  CostFromHeight:400000 
2021/01/05 05:07:57.184 [D] [msgGas_tmp.go:38]  DEBUG: CalculateMsgGasData(),  CostFromHeight:400000 
2021/01/05 05:08:27.178 [D] [msgGas_tmp.go:38]  DEBUG: CalculateMsgGasData(),  CostFromHeight:400000 
2021/01/05 05:08:57.179 [D] [msgGas_tmp.go:38]  DEBUG: CalculateMsgGasData(),  CostFromHeight:400000 
2021/01/05 05:09:27.178 [D] [msgGas_tmp.go:38]  DEBUG: CalculateMsgGasData(),  CostFromHeight:400000 
2021/01/05 05:09:57.177 [D] [msgGas_tmp.go:38]  DEBUG: CalculateMsgGasData(),  CostFromHeight:400000 
2021/01/05 05:10:27.178 [D] [msgGas_tmp.go:38]  DEBUG: CalculateMsgGasData(),  CostFromHeight:400000 
2021/01/05 05:10:57.178 [D] [msgGas_tmp.go:38]  DEBUG: CalculateMsgGasData(),  CostFromHeight:400000 
2021/01/05 05:11:27.178 [D] [msgGas_tmp.go:38]  DEBUG: CalculateMsgGasData(),  CostFromHeight:400000 
2021/01/05 05:11:57.174 [D] [msgGas_tmp.go:38]  DEBUG: CalculateMsgGasData(),  CostFromHeight:400000 
2021/01/05 05:12:27.176 [D] [msgGas_tmp.go:38]  DEBUG: CalculateMsgGasData(),  CostFromHeight:400000 
2021/01/05 05:12:57.174 [D] [msgGas_tmp.go:38]  DEBUG: CalculateMsgGasData(),  CostFromHeight:400000 
2021/01/05 05:13:27.174 [D] [msgGas_tmp.go:38]  DEBUG: CalculateMsgGasData(),  CostFromHeight:400000 
2021/01/05 05:13:57.175 [D] [msgGas_tmp.go:38]  DEBUG: CalculateMsgGasData(),  CostFromHeight:400000 
2021/01/05 05:14:27.176 [D] [msgGas_tmp.go:38]  DEBUG: CalculateMsgGasData(),  CostFromHeight:400000 
2021/01/05 05:14:57.176 [D] [msgGas_tmp.go:38]  DEBUG: CalculateMsgGasData(),  CostFromHeight:400000 
2021/01/05 05:15:27.176 [D] [msgGas_tmp.go:38]  DEBUG: CalculateMsgGasData(),  CostFromHeight:400000 
2021/01/05 05:15:57.175 [D] [msgGas_tmp.go:38]  DEBUG: CalculateMsgGasData(),  CostFromHeight:400000 
2021/01/05 05:16:27.175 [D] [msgGas_tmp.go:38]  DEBUG: CalculateMsgGasData(),  CostFromHeight:400000 
2021/01/05 05:16:57.175 [D] [msgGas_tmp.go:38]  DEBUG: CalculateMsgGasData(),  CostFromHeight:400000 
2021/01/05 05:17:27.175 [D] [msgGas_tmp.go:38]  DEBUG: CalculateMsgGasData(),  CostFromHeight:400000 
2021/01/05 05:17:57.176 [D] [msgGas_tmp.go:38]  DEBUG: CalculateMsgGasData(),  CostFromHeight:400000 
2021/01/05 05:18:27.176 [D] [msgGas_tmp.go:38]  DEBUG: CalculateMsgGasData(),  CostFromHeight:400000 
2021/01/05 05:18:57.175 [D] [msgGas_tmp.go:38]  DEBUG: CalculateMsgGasData(),  CostFromHeight:400000 
2021/01/05 05:19:27.175 [D] [msgGas_tmp.go:38]  DEBUG: CalculateMsgGasData(),  CostFromHeight:400000 
2021/01/05 05:19:57.175 [D] [msgGas_tmp.go:38]  DEBUG: CalculateMsgGasData(),  CostFromHeight:400000 
2021/01/05 05:20:27.176 [D] [msgGas_tmp.go:38]  DEBUG: CalculateMsgGasData(),  CostFromHeight:400000 
2021/01/05 05:20:57.175 [D] [msgGas_tmp.go:38]  DEBUG: CalculateMsgGasData(),  CostFromHeight:400000 
2021/01/05 05:21:27.175 [D] [msgGas_tmp.go:38]  DEBUG: CalculateMsgGasData(),  CostFromHeight:400000 
2021/01/05 05:21:57.175 [D] [msgGas_tmp.go:38]  DEBUG: CalculateMsgGasData(),  CostFromHeight:400000 
2021/01/05 05:22:27.176 [D] [msgGas_tmp.go:38]  DEBUG: CalculateMsgGasData(),  CostFromHeight:400000 
2021/01/05 05:22:57.175 [D] [msgGas_tmp.go:38]  DEBUG: CalculateMsgGasData(),  CostFromHeight:400000 
2021/01/05 05:23:27.178 [D] [msgGas_tmp.go:38]  DEBUG: CalculateMsgGasData(),  CostFromHeight:400000 
2021/01/05 05:23:57.178 [D] [msgGas_tmp.go:38]  DEBUG: CalculateMsgGasData(),  CostFromHeight:400000 
2021/01/05 05:24:27.179 [D] [msgGas_tmp.go:38]  DEBUG: CalculateMsgGasData(),  CostFromHeight:400000 
2021/01/05 05:24:57.178 [D] [msgGas_tmp.go:38]  DEBUG: CalculateMsgGasData(),  CostFromHeight:400000 
2021/01/05 05:25:27.178 [D] [msgGas_tmp.go:38]  DEBUG: CalculateMsgGasData(),  CostFromHeight:400000 
2021/01/05 05:25:57.178 [D] [msgGas_tmp.go:38]  DEBUG: CalculateMsgGasData(),  CostFromHeight:400000 
2021/01/05 05:26:27.177 [D] [msgGas_tmp.go:38]  DEBUG: CalculateMsgGasData(),  CostFromHeight:400000 
2021/01/05 05:26:57.175 [D] [msgGas_tmp.go:38]  DEBUG: CalculateMsgGasData(),  CostFromHeight:400000 
2021/01/05 05:27:27.178 [D] [msgGas_tmp.go:38]  DEBUG: CalculateMsgGasData(),  CostFromHeight:400000 
2021/01/05 05:27:57.202 [D] [msgGas_tmp.go:38]  DEBUG: CalculateMsgGasData(),  CostFromHeight:400000 
2021/01/05 05:28:27.178 [D] [msgGas_tmp.go:38]  DEBUG: CalculateMsgGasData(),  CostFromHeight:400000 
2021/01/05 05:28:57.177 [D] [msgGas_tmp.go:38]  DEBUG: CalculateMsgGasData(),  CostFromHeight:400000 
2021/01/05 05:29:27.175 [D] [msgGas_tmp.go:38]  DEBUG: CalculateMsgGasData(),  CostFromHeight:400000 
2021/01/05 05:29:57.175 [D] [msgGas_tmp.go:38]  DEBUG: CalculateMsgGasData(),  CostFromHeight:400000 
2021/01/05 05:30:27.176 [D] [msgGas_tmp.go:38]  DEBUG: CalculateMsgGasData(),  CostFromHeight:400000 
2021/01/05 05:30:57.176 [D] [msgGas_tmp.go:38]  DEBUG: CalculateMsgGasData(),  CostFromHeight:400000 
2021/01/05 05:31:27.175 [D] [msgGas_tmp.go:38]  DEBUG: CalculateMsgGasData(),  CostFromHeight:400000 
2021/01/05 05:31:57.176 [D] [msgGas_tmp.go:38]  DEBUG: CalculateMsgGasData(),  CostFromHeight:400000 
2021/01/05 05:32:27.174 [D] [msgGas_tmp.go:38]  DEBUG: CalculateMsgGasData(),  CostFromHeight:400000 
2021/01/05 05:32:57.199 [D] [msgGas_tmp.go:38]  DEBUG: CalculateMsgGasData(),  CostFromHeight:400000 
2021/01/05 05:33:27.175 [D] [msgGas_tmp.go:38]  DEBUG: CalculateMsgGasData(),  CostFromHeight:400000 
2021/01/05 05:33:57.175 [D] [msgGas_tmp.go:38]  DEBUG: CalculateMsgGasData(),  CostFromHeight:400000 
2021/01/05 05:34:27.175 [D] [msgGas_tmp.go:38]  DEBUG: CalculateMsgGasData(),  CostFromHeight:400000 
2021/01/05 05:34:57.175 [D] [msgGas_tmp.go:38]  DEBUG: CalculateMsgGasData(),  CostFromHeight:400000 
2021/01/05 05:35:27.176 [D] [msgGas_tmp.go:38]  DEBUG: CalculateMsgGasData(),  CostFromHeight:400000 
2021/01/05 05:35:57.176 [D] [msgGas_tmp.go:38]  DEBUG: CalculateMsgGasData(),  CostFromHeight:400000 
2021/01/05 05:36:27.175 [D] [msgGas_tmp.go:38]  DEBUG: CalculateMsgGasData(),  CostFromHeight:400000 
2021/01/05 05:36:57.174 [D] [msgGas_tmp.go:38]  DEBUG: CalculateMsgGasData(),  CostFromHeight:400000 
2021/01/05 05:37:27.175 [D] [msgGas_tmp.go:38]  DEBUG: CalculateMsgGasData(),  CostFromHeight:400000 
2021/01/05 05:37:57.176 [D] [msgGas_tmp.go:38]  DEBUG: CalculateMsgGasData(),  CostFromHeight:400000 
2021/01/05 05:38:27.175 [D] [msgGas_tmp.go:38]  DEBUG: CalculateMsgGasData(),  CostFromHeight:400000 
2021/01/05 05:38:57.178 [D] [msgGas_tmp.go:38]  DEBUG: CalculateMsgGasData(),  CostFromHeight:400000 
2021/01/05 05:39:27.178 [D] [msgGas_tmp.go:38]  DEBUG: CalculateMsgGasData(),  CostFromHeight:400000 
2021/01/05 05:39:57.175 [D] [msgGas_tmp.go:38]  DEBUG: CalculateMsgGasData(),  CostFromHeight:400000 
2021/01/05 05:40:27.177 [D] [msgGas_tmp.go:38]  DEBUG: CalculateMsgGasData(),  CostFromHeight:400000 
2021/01/05 05:40:57.177 [D] [msgGas_tmp.go:38]  DEBUG: CalculateMsgGasData(),  CostFromHeight:400000 
2021/01/05 05:41:27.179 [D] [msgGas_tmp.go:38]  DEBUG: CalculateMsgGasData(),  CostFromHeight:400000 
2021/01/05 05:41:57.174 [D] [msgGas_tmp.go:38]  DEBUG: CalculateMsgGasData(),  CostFromHeight:400000 
2021/01/05 05:42:27.177 [D] [msgGas_tmp.go:38]  DEBUG: CalculateMsgGasData(),  CostFromHeight:400000 
2021/01/05 05:42:57.178 [D] [msgGas_tmp.go:38]  DEBUG: CalculateMsgGasData(),  CostFromHeight:400000 
2021/01/05 05:43:27.179 [D] [msgGas_tmp.go:38]  DEBUG: CalculateMsgGasData(),  CostFromHeight:400000 
2021/01/05 05:43:57.175 [D] [msgGas_tmp.go:38]  DEBUG: CalculateMsgGasData(),  CostFromHeight:400000 
2021/01/05 05:44:27.176 [D] [msgGas_tmp.go:38]  DEBUG: CalculateMsgGasData(),  CostFromHeight:400000 
2021/01/05 05:44:57.175 [D] [msgGas_tmp.go:38]  DEBUG: CalculateMsgGasData(),  CostFromHeight:400000 
2021/01/05 05:45:27.174 [D] [msgGas_tmp.go:38]  DEBUG: CalculateMsgGasData(),  CostFromHeight:400000 
2021/01/05 05:45:57.176 [D] [msgGas_tmp.go:38]  DEBUG: CalculateMsgGasData(),  CostFromHeight:400000 
2021/01/05 05:46:27.175 [D] [msgGas_tmp.go:38]  DEBUG: CalculateMsgGasData(),  CostFromHeight:400000 
2021/01/05 05:46:57.174 [D] [msgGas_tmp.go:38]  DEBUG: CalculateMsgGasData(),  CostFromHeight:400000 
2021/01/05 05:47:27.175 [D] [msgGas_tmp.go:38]  DEBUG: CalculateMsgGasData(),  CostFromHeight:400000 
2021/01/05 05:47:57.176 [D] [msgGas_tmp.go:38]  DEBUG: CalculateMsgGasData(),  CostFromHeight:400000 
2021/01/05 05:48:27.175 [D] [msgGas_tmp.go:38]  DEBUG: CalculateMsgGasData(),  CostFromHeight:400000 
2021/01/05 05:48:57.175 [D] [msgGas_tmp.go:38]  DEBUG: CalculateMsgGasData(),  CostFromHeight:400000 
2021/01/05 05:49:27.176 [D] [msgGas_tmp.go:38]  DEBUG: CalculateMsgGasData(),  CostFromHeight:400000 
2021/01/05 05:49:57.175 [D] [msgGas_tmp.go:38]  DEBUG: CalculateMsgGasData(),  CostFromHeight:400000 
2021/01/05 05:50:27.174 [D] [msgGas_tmp.go:38]  DEBUG: CalculateMsgGasData(),  CostFromHeight:400000 
2021/01/05 05:50:57.174 [D] [msgGas_tmp.go:38]  DEBUG: CalculateMsgGasData(),  CostFromHeight:400000 
2021/01/05 05:51:27.176 [D] [msgGas_tmp.go:38]  DEBUG: CalculateMsgGasData(),  CostFromHeight:400000 
2021/01/05 05:51:57.174 [D] [msgGas_tmp.go:38]  DEBUG: CalculateMsgGasData(),  CostFromHeight:400000 
2021/01/05 05:52:27.175 [D] [msgGas_tmp.go:38]  DEBUG: CalculateMsgGasData(),  CostFromHeight:400000 
2021/01/05 05:52:57.176 [D] [msgGas_tmp.go:38]  DEBUG: CalculateMsgGasData(),  CostFromHeight:400000 
2021/01/05 05:53:27.174 [D] [msgGas_tmp.go:38]  DEBUG: CalculateMsgGasData(),  CostFromHeight:400000 
2021/01/05 05:53:57.177 [D] [msgGas_tmp.go:38]  DEBUG: CalculateMsgGasData(),  CostFromHeight:400000 
2021/01/05 05:54:27.178 [D] [msgGas_tmp.go:38]  DEBUG: CalculateMsgGasData(),  CostFromHeight:400000 
2021/01/05 05:54:57.178 [D] [msgGas_tmp.go:38]  DEBUG: CalculateMsgGasData(),  CostFromHeight:400000 
2021/01/05 05:55:27.178 [D] [msgGas_tmp.go:38]  DEBUG: CalculateMsgGasData(),  CostFromHeight:400000 
2021/01/05 05:55:57.286 [D] [msgGas_tmp.go:38]  DEBUG: CalculateMsgGasData(),  CostFromHeight:400000 
2021/01/05 05:56:27.178 [D] [msgGas_tmp.go:38]  DEBUG: CalculateMsgGasData(),  CostFromHeight:400000 
2021/01/05 05:56:57.174 [D] [msgGas_tmp.go:38]  DEBUG: CalculateMsgGasData(),  CostFromHeight:400000 
2021/01/05 05:57:27.178 [D] [msgGas_tmp.go:38]  DEBUG: CalculateMsgGasData(),  CostFromHeight:400000 
2021/01/05 05:57:57.175 [D] [msgGas_tmp.go:38]  DEBUG: CalculateMsgGasData(),  CostFromHeight:400000 
2021/01/05 05:58:27.202 [D] [msgGas_tmp.go:38]  DEBUG: CalculateMsgGasData(),  CostFromHeight:400000 
2021/01/05 05:58:57.175 [D] [msgGas_tmp.go:38]  DEBUG: CalculateMsgGasData(),  CostFromHeight:400000 
2021/01/05 05:59:27.179 [D] [msgGas_tmp.go:38]  DEBUG: CalculateMsgGasData(),  CostFromHeight:400000 
2021/01/05 05:59:57.175 [D] [msgGas_tmp.go:38]  DEBUG: CalculateMsgGasData(),  CostFromHeight:400000 
2021/01/05 06:00:27.176 [D] [msgGas_tmp.go:38]  DEBUG: CalculateMsgGasData(),  CostFromHeight:400000 
2021/01/05 06:00:57.175 [D] [msgGas_tmp.go:38]  DEBUG: CalculateMsgGasData(),  CostFromHeight:400000 
2021/01/05 06:01:27.175 [D] [msgGas_tmp.go:38]  DEBUG: CalculateMsgGasData(),  CostFromHeight:400000 
2021/01/05 06:01:57.174 [D] [msgGas_tmp.go:38]  DEBUG: CalculateMsgGasData(),  CostFromHeight:400000 
2021/01/05 06:02:27.175 [D] [msgGas_tmp.go:38]  DEBUG: CalculateMsgGasData(),  CostFromHeight:400000 
2021/01/05 06:02:57.175 [D] [msgGas_tmp.go:38]  DEBUG: CalculateMsgGasData(),  CostFromHeight:400000 
2021/01/05 06:03:27.176 [D] [msgGas_tmp.go:38]  DEBUG: CalculateMsgGasData(),  CostFromHeight:400000 
2021/01/05 06:03:57.175 [D] [msgGas_tmp.go:38]  DEBUG: CalculateMsgGasData(),  CostFromHeight:400000 
2021/01/05 06:04:27.175 [D] [msgGas_tmp.go:38]  DEBUG: CalculateMsgGasData(),  CostFromHeight:400000 
2021/01/05 06:04:57.175 [D] [msgGas_tmp.go:38]  DEBUG: CalculateMsgGasData(),  CostFromHeight:400000 
2021/01/05 06:05:27.175 [D] [msgGas_tmp.go:38]  DEBUG: CalculateMsgGasData(),  CostFromHeight:400000 
2021/01/05 06:05:57.175 [D] [msgGas_tmp.go:38]  DEBUG: CalculateMsgGasData(),  CostFromHeight:400000 
2021/01/05 06:06:27.175 [D] [msgGas_tmp.go:38]  DEBUG: CalculateMsgGasData(),  CostFromHeight:400000 
2021/01/05 06:06:57.175 [D] [msgGas_tmp.go:38]  DEBUG: CalculateMsgGasData(),  CostFromHeight:400000 
2021/01/05 06:07:27.175 [D] [msgGas_tmp.go:38]  DEBUG: CalculateMsgGasData(),  CostFromHeight:400000 
2021/01/05 06:07:57.178 [D] [msgGas_tmp.go:38]  DEBUG: CalculateMsgGasData(),  CostFromHeight:400000 
2021/01/05 06:08:27.178 [D] [msgGas_tmp.go:38]  DEBUG: CalculateMsgGasData(),  CostFromHeight:400000 
2021/01/05 06:08:57.184 [D] [msgGas_tmp.go:38]  DEBUG: CalculateMsgGasData(),  CostFromHeight:400000 
2021/01/05 06:09:27.178 [D] [msgGas_tmp.go:38]  DEBUG: CalculateMsgGasData(),  CostFromHeight:400000 
2021/01/05 06:09:57.174 [D] [msgGas_tmp.go:38]  DEBUG: CalculateMsgGasData(),  CostFromHeight:400000 
2021/01/05 06:10:27.178 [D] [msgGas_tmp.go:38]  DEBUG: CalculateMsgGasData(),  CostFromHeight:400000 
2021/01/05 06:10:57.178 [D] [msgGas_tmp.go:38]  DEBUG: CalculateMsgGasData(),  CostFromHeight:400000 
2021/01/05 06:11:27.175 [D] [msgGas_tmp.go:38]  DEBUG: CalculateMsgGasData(),  CostFromHeight:400000 
2021/01/05 06:11:57.175 [D] [msgGas_tmp.go:38]  DEBUG: CalculateMsgGasData(),  CostFromHeight:400000 
2021/01/05 06:12:27.174 [D] [msgGas_tmp.go:38]  DEBUG: CalculateMsgGasData(),  CostFromHeight:400000 
2021/01/05 06:12:57.175 [D] [msgGas_tmp.go:38]  DEBUG: CalculateMsgGasData(),  CostFromHeight:400000 
2021/01/05 06:13:27.174 [D] [msgGas_tmp.go:38]  DEBUG: CalculateMsgGasData(),  CostFromHeight:400000 
2021/01/05 06:13:57.174 [D] [msgGas_tmp.go:38]  DEBUG: CalculateMsgGasData(),  CostFromHeight:400000 
2021/01/05 06:14:27.175 [D] [msgGas_tmp.go:38]  DEBUG: CalculateMsgGasData(),  CostFromHeight:400000 
2021/01/05 06:14:57.175 [D] [msgGas_tmp.go:38]  DEBUG: CalculateMsgGasData(),  CostFromHeight:400000 
2021/01/05 06:15:27.177 [D] [msgGas_tmp.go:38]  DEBUG: CalculateMsgGasData(),  CostFromHeight:400000 
2021/01/05 06:15:57.175 [D] [msgGas_tmp.go:38]  DEBUG: CalculateMsgGasData(),  CostFromHeight:400000 
2021/01/05 06:16:27.175 [D] [msgGas_tmp.go:38]  DEBUG: CalculateMsgGasData(),  CostFromHeight:400000 
2021/01/05 06:16:57.175 [D] [msgGas_tmp.go:38]  DEBUG: CalculateMsgGasData(),  CostFromHeight:400000 
2021/01/05 06:17:27.175 [D] [msgGas_tmp.go:38]  DEBUG: CalculateMsgGasData(),  CostFromHeight:400000 
2021/01/05 06:17:57.176 [D] [msgGas_tmp.go:38]  DEBUG: CalculateMsgGasData(),  CostFromHeight:400000 
2021/01/05 06:18:27.176 [D] [msgGas_tmp.go:38]  DEBUG: CalculateMsgGasData(),  CostFromHeight:400000 
2021/01/05 06:18:57.175 [D] [msgGas_tmp.go:38]  DEBUG: CalculateMsgGasData(),  CostFromHeight:400000 
2021/01/05 06:19:27.176 [D] [msgGas_tmp.go:38]  DEBUG: CalculateMsgGasData(),  CostFromHeight:400000 
2021/01/05 06:19:57.179 [D] [msgGas_tmp.go:38]  DEBUG: CalculateMsgGasData(),  CostFromHeight:400000 
2021/01/05 06:20:27.178 [D] [msgGas_tmp.go:38]  DEBUG: CalculateMsgGasData(),  CostFromHeight:400000 
2021/01/05 06:20:57.178 [D] [msgGas_tmp.go:38]  DEBUG: CalculateMsgGasData(),  CostFromHeight:400000 
2021/01/05 06:21:27.178 [D] [msgGas_tmp.go:38]  DEBUG: CalculateMsgGasData(),  CostFromHeight:400000 
2021/01/05 06:21:57.175 [D] [msgGas_tmp.go:38]  DEBUG: CalculateMsgGasData(),  CostFromHeight:400000 
2021/01/05 06:22:27.178 [D] [msgGas_tmp.go:38]  DEBUG: CalculateMsgGasData(),  CostFromHeight:400000 
2021/01/05 06:22:57.178 [D] [msgGas_tmp.go:38]  DEBUG: CalculateMsgGasData(),  CostFromHeight:400000 
2021/01/05 06:23:27.183 [D] [msgGas_tmp.go:38]  DEBUG: CalculateMsgGasData(),  CostFromHeight:400000 
2021/01/05 06:23:57.178 [D] [msgGas_tmp.go:38]  DEBUG: CalculateMsgGasData(),  CostFromHeight:400000 
2021/01/05 06:24:27.175 [D] [msgGas_tmp.go:38]  DEBUG: CalculateMsgGasData(),  CostFromHeight:400000 
2021/01/05 06:24:57.175 [D] [msgGas_tmp.go:38]  DEBUG: CalculateMsgGasData(),  CostFromHeight:400000 
2021/01/05 06:25:27.175 [D] [msgGas_tmp.go:38]  DEBUG: CalculateMsgGasData(),  CostFromHeight:400000 
2021/01/05 06:25:57.175 [D] [msgGas_tmp.go:38]  DEBUG: CalculateMsgGasData(),  CostFromHeight:400000 
2021/01/05 06:26:27.175 [D] [msgGas_tmp.go:38]  DEBUG: CalculateMsgGasData(),  CostFromHeight:400000 
2021/01/05 06:26:57.174 [D] [msgGas_tmp.go:38]  DEBUG: CalculateMsgGasData(),  CostFromHeight:400000 
2021/01/05 06:27:27.175 [D] [msgGas_tmp.go:38]  DEBUG: CalculateMsgGasData(),  CostFromHeight:400000 
2021/01/05 06:27:57.175 [D] [msgGas_tmp.go:38]  DEBUG: CalculateMsgGasData(),  CostFromHeight:400000 
2021/01/05 06:28:27.176 [D] [msgGas_tmp.go:38]  DEBUG: CalculateMsgGasData(),  CostFromHeight:400000 
2021/01/05 06:28:57.233 [D] [msgGas_tmp.go:38]  DEBUG: CalculateMsgGasData(),  CostFromHeight:400000 
2021/01/05 06:29:27.175 [D] [msgGas_tmp.go:38]  DEBUG: CalculateMsgGasData(),  CostFromHeight:400000 
2021/01/05 06:29:57.176 [D] [msgGas_tmp.go:38]  DEBUG: CalculateMsgGasData(),  CostFromHeight:400000 
2021/01/05 06:30:27.174 [D] [msgGas_tmp.go:38]  DEBUG: CalculateMsgGasData(),  CostFromHeight:400000 
2021/01/05 06:30:57.177 [D] [msgGas_tmp.go:38]  DEBUG: CalculateMsgGasData(),  CostFromHeight:400000 
2021/01/05 06:31:27.175 [D] [msgGas_tmp.go:38]  DEBUG: CalculateMsgGasData(),  CostFromHeight:400000 
2021/01/05 06:31:57.174 [D] [msgGas_tmp.go:38]  DEBUG: CalculateMsgGasData(),  CostFromHeight:400000 
2021/01/05 06:32:27.175 [D] [msgGas_tmp.go:38]  DEBUG: CalculateMsgGasData(),  CostFromHeight:400000 
2021/01/05 06:32:57.175 [D] [msgGas_tmp.go:38]  DEBUG: CalculateMsgGasData(),  CostFromHeight:400000 
2021/01/05 06:33:27.176 [D] [msgGas_tmp.go:38]  DEBUG: CalculateMsgGasData(),  CostFromHeight:400000 
2021/01/05 06:33:57.178 [D] [msgGas_tmp.go:38]  DEBUG: CalculateMsgGasData(),  CostFromHeight:400000 
2021/01/05 06:34:27.178 [D] [msgGas_tmp.go:38]  DEBUG: CalculateMsgGasData(),  CostFromHeight:400000 
2021/01/05 06:34:57.178 [D] [msgGas_tmp.go:38]  DEBUG: CalculateMsgGasData(),  CostFromHeight:400000 
2021/01/05 06:35:27.178 [D] [msgGas_tmp.go:38]  DEBUG: CalculateMsgGasData(),  CostFromHeight:400000 
2021/01/05 06:35:57.177 [D] [msgGas_tmp.go:38]  DEBUG: CalculateMsgGasData(),  CostFromHeight:400000 
2021/01/05 06:36:27.178 [D] [msgGas_tmp.go:38]  DEBUG: CalculateMsgGasData(),  CostFromHeight:400000 
2021/01/05 06:36:57.182 [D] [msgGas_tmp.go:38]  DEBUG: CalculateMsgGasData(),  CostFromHeight:400000 
2021/01/05 06:37:27.178 [D] [msgGas_tmp.go:38]  DEBUG: CalculateMsgGasData(),  CostFromHeight:400000 
2021/01/05 06:37:57.175 [D] [msgGas_tmp.go:38]  DEBUG: CalculateMsgGasData(),  CostFromHeight:400000 
2021/01/05 06:38:27.174 [D] [msgGas_tmp.go:38]  DEBUG: CalculateMsgGasData(),  CostFromHeight:400000 
2021/01/05 06:38:57.175 [D] [msgGas_tmp.go:38]  DEBUG: CalculateMsgGasData(),  CostFromHeight:400000 
2021/01/05 06:39:27.213 [D] [msgGas_tmp.go:38]  DEBUG: CalculateMsgGasData(),  CostFromHeight:400000 
2021/01/05 06:39:57.175 [D] [msgGas_tmp.go:38]  DEBUG: CalculateMsgGasData(),  CostFromHeight:400000 
2021/01/05 06:40:27.175 [D] [msgGas_tmp.go:38]  DEBUG: CalculateMsgGasData(),  CostFromHeight:400000 
2021/01/05 06:40:57.175 [D] [msgGas_tmp.go:38]  DEBUG: CalculateMsgGasData(),  CostFromHeight:400000 
2021/01/05 06:41:27.175 [D] [msgGas_tmp.go:38]  DEBUG: CalculateMsgGasData(),  CostFromHeight:400000 
2021/01/05 06:41:57.175 [D] [msgGas_tmp.go:38]  DEBUG: CalculateMsgGasData(),  CostFromHeight:400000 
2021/01/05 06:42:27.175 [D] [msgGas_tmp.go:38]  DEBUG: CalculateMsgGasData(),  CostFromHeight:400000 
2021/01/05 06:42:57.175 [D] [msgGas_tmp.go:38]  DEBUG: CalculateMsgGasData(),  CostFromHeight:400000 
2021/01/05 06:43:27.175 [D] [msgGas_tmp.go:38]  DEBUG: CalculateMsgGasData(),  CostFromHeight:400000 
2021/01/05 06:43:57.174 [D] [msgGas_tmp.go:38]  DEBUG: CalculateMsgGasData(),  CostFromHeight:400000 
2021/01/05 06:44:27.177 [D] [msgGas_tmp.go:38]  DEBUG: CalculateMsgGasData(),  CostFromHeight:400000 
2021/01/05 06:44:57.175 [D] [msgGas_tmp.go:38]  DEBUG: CalculateMsgGasData(),  CostFromHeight:400000 
2021/01/05 06:45:27.175 [D] [msgGas_tmp.go:38]  DEBUG: CalculateMsgGasData(),  CostFromHeight:400000 
2021/01/05 06:45:57.175 [D] [msgGas_tmp.go:38]  DEBUG: CalculateMsgGasData(),  CostFromHeight:400000 
2021/01/05 06:46:27.175 [D] [msgGas_tmp.go:38]  DEBUG: CalculateMsgGasData(),  CostFromHeight:400000 
2021/01/05 06:46:57.175 [D] [msgGas_tmp.go:38]  DEBUG: CalculateMsgGasData(),  CostFromHeight:400000 
2021/01/05 06:47:27.176 [D] [msgGas_tmp.go:38]  DEBUG: CalculateMsgGasData(),  CostFromHeight:400000 
2021/01/05 06:47:57.175 [D] [msgGas_tmp.go:38]  DEBUG: CalculateMsgGasData(),  CostFromHeight:400000 
2021/01/05 06:48:27.175 [D] [msgGas_tmp.go:38]  DEBUG: CalculateMsgGasData(),  CostFromHeight:400000 
2021/01/05 06:48:57.256 [D] [msgGas_tmp.go:38]  DEBUG: CalculateMsgGasData(),  CostFromHeight:400000 
2021/01/05 06:49:27.175 [D] [msgGas_tmp.go:38]  DEBUG: CalculateMsgGasData(),  CostFromHeight:400000 
2021/01/05 06:49:57.178 [D] [msgGas_tmp.go:38]  DEBUG: CalculateMsgGasData(),  CostFromHeight:400000 
2021/01/05 06:50:27.179 [D] [msgGas_tmp.go:38]  DEBUG: CalculateMsgGasData(),  CostFromHeight:400000 
2021/01/05 06:50:57.178 [D] [msgGas_tmp.go:38]  DEBUG: CalculateMsgGasData(),  CostFromHeight:400000 
2021/01/05 06:51:27.178 [D] [msgGas_tmp.go:38]  DEBUG: CalculateMsgGasData(),  CostFromHeight:400000 
2021/01/05 06:51:57.185 [D] [msgGas_tmp.go:38]  DEBUG: CalculateMsgGasData(),  CostFromHeight:400000 
2021/01/05 06:52:27.174 [D] [msgGas_tmp.go:38]  DEBUG: CalculateMsgGasData(),  CostFromHeight:400000 
2021/01/05 06:52:57.178 [D] [msgGas_tmp.go:38]  DEBUG: CalculateMsgGasData(),  CostFromHeight:400000 
2021/01/05 06:53:27.190 [D] [msgGas_tmp.go:38]  DEBUG: CalculateMsgGasData(),  CostFromHeight:400000 
2021/01/05 06:53:57.178 [D] [msgGas_tmp.go:38]  DEBUG: CalculateMsgGasData(),  CostFromHeight:400000 
2021/01/05 06:54:27.174 [D] [msgGas_tmp.go:38]  DEBUG: CalculateMsgGasData(),  CostFromHeight:400000 
2021/01/05 06:54:57.174 [D] [msgGas_tmp.go:38]  DEBUG: CalculateMsgGasData(),  CostFromHeight:400000 
2021/01/05 06:55:27.174 [D] [msgGas_tmp.go:38]  DEBUG: CalculateMsgGasData(),  CostFromHeight:400000 
2021/01/05 06:55:57.174 [D] [msgGas_tmp.go:38]  DEBUG: CalculateMsgGasData(),  CostFromHeight:400000 
2021/01/05 06:56:27.174 [D] [msgGas_tmp.go:38]  DEBUG: CalculateMsgGasData(),  CostFromHeight:400000 
2021/01/05 06:56:57.175 [D] [msgGas_tmp.go:38]  DEBUG: CalculateMsgGasData(),  CostFromHeight:400000 
2021/01/05 06:57:27.175 [D] [msgGas_tmp.go:38]  DEBUG: CalculateMsgGasData(),  CostFromHeight:400000 
2021/01/05 06:57:57.175 [D] [msgGas_tmp.go:38]  DEBUG: CalculateMsgGasData(),  CostFromHeight:400000 
2021/01/05 06:58:27.176 [D] [msgGas_tmp.go:38]  DEBUG: CalculateMsgGasData(),  CostFromHeight:400000 
2021/01/05 06:58:57.175 [D] [msgGas_tmp.go:38]  DEBUG: CalculateMsgGasData(),  CostFromHeight:400000 
2021/01/05 06:59:27.231 [D] [msgGas_tmp.go:38]  DEBUG: CalculateMsgGasData(),  CostFromHeight:400000 
2021/01/05 06:59:57.175 [D] [msgGas_tmp.go:38]  DEBUG: CalculateMsgGasData(),  CostFromHeight:400000 
2021/01/05 07:00:27.174 [D] [msgGas_tmp.go:38]  DEBUG: CalculateMsgGasData(),  CostFromHeight:400000 
2021/01/05 07:00:57.175 [D] [msgGas_tmp.go:38]  DEBUG: CalculateMsgGasData(),  CostFromHeight:400000 
2021/01/05 07:01:27.175 [D] [msgGas_tmp.go:38]  DEBUG: CalculateMsgGasData(),  CostFromHeight:400000 
2021/01/05 07:01:57.175 [D] [msgGas_tmp.go:38]  DEBUG: CalculateMsgGasData(),  CostFromHeight:400000 
2021/01/05 07:02:27.175 [D] [msgGas_tmp.go:38]  DEBUG: CalculateMsgGasData(),  CostFromHeight:400000 
2021/01/05 07:02:57.176 [D] [msgGas_tmp.go:38]  DEBUG: CalculateMsgGasData(),  CostFromHeight:400000 
2021/01/05 07:03:27.364 [D] [msgGas_tmp.go:38]  DEBUG: CalculateMsgGasData(),  CostFromHeight:400000 
2021/01/05 07:03:57.176 [D] [msgGas_tmp.go:38]  DEBUG: CalculateMsgGasData(),  CostFromHeight:400000 
2021/01/05 07:04:27.175 [D] [msgGas_tmp.go:38]  DEBUG: CalculateMsgGasData(),  CostFromHeight:400000 
2021/01/05 07:04:57.174 [D] [msgGas_tmp.go:38]  DEBUG: CalculateMsgGasData(),  CostFromHeight:400000 
2021/01/05 07:05:27.176 [D] [msgGas_tmp.go:38]  DEBUG: CalculateMsgGasData(),  CostFromHeight:400000 
2021/01/05 07:05:57.177 [D] [msgGas_tmp.go:38]  DEBUG: CalculateMsgGasData(),  CostFromHeight:400000 
2021/01/05 07:06:27.178 [D] [msgGas_tmp.go:38]  DEBUG: CalculateMsgGasData(),  CostFromHeight:400000 
2021/01/05 07:06:57.174 [D] [msgGas_tmp.go:38]  DEBUG: CalculateMsgGasData(),  CostFromHeight:400000 
2021/01/05 07:07:27.178 [D] [msgGas_tmp.go:38]  DEBUG: CalculateMsgGasData(),  CostFromHeight:400000 
2021/01/05 07:07:57.178 [D] [msgGas_tmp.go:38]  DEBUG: CalculateMsgGasData(),  CostFromHeight:400000 
2021/01/05 07:08:27.177 [D] [msgGas_tmp.go:38]  DEBUG: CalculateMsgGasData(),  CostFromHeight:400000 
2021/01/05 07:08:57.177 [D] [msgGas_tmp.go:38]  DEBUG: CalculateMsgGasData(),  CostFromHeight:400000 
2021/01/05 07:09:27.178 [D] [msgGas_tmp.go:38]  DEBUG: CalculateMsgGasData(),  CostFromHeight:400000 
2021/01/05 07:09:57.202 [D] [msgGas_tmp.go:38]  DEBUG: CalculateMsgGasData(),  CostFromHeight:400000 
2021/01/05 07:10:27.178 [D] [msgGas_tmp.go:38]  DEBUG: CalculateMsgGasData(),  CostFromHeight:400000 
2021/01/05 07:10:57.176 [D] [msgGas_tmp.go:38]  DEBUG: CalculateMsgGasData(),  CostFromHeight:400000 
2021/01/05 07:11:27.175 [D] [msgGas_tmp.go:38]  DEBUG: CalculateMsgGasData(),  CostFromHeight:400000 
2021/01/05 07:11:57.175 [D] [msgGas_tmp.go:38]  DEBUG: CalculateMsgGasData(),  CostFromHeight:400000 
2021/01/05 07:12:27.175 [D] [msgGas_tmp.go:38]  DEBUG: CalculateMsgGasData(),  CostFromHeight:400000 
2021/01/05 07:12:57.176 [D] [msgGas_tmp.go:38]  DEBUG: CalculateMsgGasData(),  CostFromHeight:400000 
2021/01/05 07:13:27.175 [D] [msgGas_tmp.go:38]  DEBUG: CalculateMsgGasData(),  CostFromHeight:400000 
2021/01/05 07:13:57.175 [D] [msgGas_tmp.go:38]  DEBUG: CalculateMsgGasData(),  CostFromHeight:400000 
2021/01/05 07:14:27.176 [D] [msgGas_tmp.go:38]  DEBUG: CalculateMsgGasData(),  CostFromHeight:400000 
2021/01/05 07:14:57.175 [D] [msgGas_tmp.go:38]  DEBUG: CalculateMsgGasData(),  CostFromHeight:400000 
2021/01/05 07:15:27.175 [D] [msgGas_tmp.go:38]  DEBUG: CalculateMsgGasData(),  CostFromHeight:400000 
2021/01/05 07:15:57.175 [D] [msgGas_tmp.go:38]  DEBUG: CalculateMsgGasData(),  CostFromHeight:400000 
2021/01/05 07:16:27.175 [D] [msgGas_tmp.go:38]  DEBUG: CalculateMsgGasData(),  CostFromHeight:400000 
2021/01/05 07:16:57.174 [D] [msgGas_tmp.go:38]  DEBUG: CalculateMsgGasData(),  CostFromHeight:400000 
2021/01/05 07:17:27.175 [D] [msgGas_tmp.go:38]  DEBUG: CalculateMsgGasData(),  CostFromHeight:400000 
2021/01/05 07:17:57.175 [D] [msgGas_tmp.go:38]  DEBUG: CalculateMsgGasData(),  CostFromHeight:400000 
2021/01/05 07:18:27.240 [D] [msgGas_tmp.go:38]  DEBUG: CalculateMsgGasData(),  CostFromHeight:400000 
2021/01/05 07:18:57.176 [D] [msgGas_tmp.go:38]  DEBUG: CalculateMsgGasData(),  CostFromHeight:400000 
2021/01/05 07:19:27.177 [D] [msgGas_tmp.go:38]  DEBUG: CalculateMsgGasData(),  CostFromHeight:400000 
2021/01/05 07:19:57.175 [D] [msgGas_tmp.go:38]  DEBUG: CalculateMsgGasData(),  CostFromHeight:400000 
2021/01/05 07:20:27.175 [D] [msgGas_tmp.go:38]  DEBUG: CalculateMsgGasData(),  CostFromHeight:400000 
2021/01/05 07:20:57.176 [D] [msgGas_tmp.go:38]  DEBUG: CalculateMsgGasData(),  CostFromHeight:400000 
2021/01/05 07:21:27.179 [D] [msgGas_tmp.go:38]  DEBUG: CalculateMsgGasData(),  CostFromHeight:400000 
2021/01/05 07:21:57.175 [D] [msgGas_tmp.go:38]  DEBUG: CalculateMsgGasData(),  CostFromHeight:400000 
2021/01/05 07:22:27.174 [D] [msgGas_tmp.go:38]  DEBUG: CalculateMsgGasData(),  CostFromHeight:400000 
2021/01/05 07:22:57.178 [D] [msgGas_tmp.go:38]  DEBUG: CalculateMsgGasData(),  CostFromHeight:400000 
2021/01/05 07:23:27.179 [D] [msgGas_tmp.go:38]  DEBUG: CalculateMsgGasData(),  CostFromHeight:400000 
2021/01/05 07:23:57.175 [D] [msgGas_tmp.go:38]  DEBUG: CalculateMsgGasData(),  CostFromHeight:400000 
2021/01/05 07:24:27.177 [D] [msgGas_tmp.go:38]  DEBUG: CalculateMsgGasData(),  CostFromHeight:400000 
2021/01/05 07:24:57.174 [D] [msgGas_tmp.go:38]  DEBUG: CalculateMsgGasData(),  CostFromHeight:400000 
2021/01/05 07:25:27.177 [D] [msgGas_tmp.go:38]  DEBUG: CalculateMsgGasData(),  CostFromHeight:400000 
2021/01/05 07:25:57.174 [D] [msgGas_tmp.go:38]  DEBUG: CalculateMsgGasData(),  CostFromHeight:400000 
2021/01/05 07:26:27.175 [D] [msgGas_tmp.go:38]  DEBUG: CalculateMsgGasData(),  CostFromHeight:400000 
2021/01/05 07:26:57.174 [D] [msgGas_tmp.go:38]  DEBUG: CalculateMsgGasData(),  CostFromHeight:400000 
2021/01/05 07:27:27.175 [D] [msgGas_tmp.go:38]  DEBUG: CalculateMsgGasData(),  CostFromHeight:400000 
2021/01/05 07:27:57.176 [D] [msgGas_tmp.go:38]  DEBUG: CalculateMsgGasData(),  CostFromHeight:400000 
2021/01/05 07:28:27.175 [D] [msgGas_tmp.go:38]  DEBUG: CalculateMsgGasData(),  CostFromHeight:400000 
2021/01/05 07:28:57.175 [D] [msgGas_tmp.go:38]  DEBUG: CalculateMsgGasData(),  CostFromHeight:400000 
2021/01/05 07:29:27.175 [D] [msgGas_tmp.go:38]  DEBUG: CalculateMsgGasData(),  CostFromHeight:400000 
2021/01/05 07:29:57.225 [D] [msgGas_tmp.go:38]  DEBUG: CalculateMsgGasData(),  CostFromHeight:400000 
2021/01/05 07:30:27.175 [D] [msgGas_tmp.go:38]  DEBUG: CalculateMsgGasData(),  CostFromHeight:400000 
2021/01/05 07:30:57.176 [D] [msgGas_tmp.go:38]  DEBUG: CalculateMsgGasData(),  CostFromHeight:400000 
2021/01/05 07:31:27.176 [D] [msgGas_tmp.go:38]  DEBUG: CalculateMsgGasData(),  CostFromHeight:400000 
2021/01/05 07:31:57.175 [D] [msgGas_tmp.go:38]  DEBUG: CalculateMsgGasData(),  CostFromHeight:400000 
2021/01/05 07:32:27.174 [D] [msgGas_tmp.go:38]  DEBUG: CalculateMsgGasData(),  CostFromHeight:400000 
2021/01/05 07:32:57.187 [D] [msgGas_tmp.go:38]  DEBUG: CalculateMsgGasData(),  CostFromHeight:400000 
2021/01/05 07:33:27.175 [D] [msgGas_tmp.go:38]  DEBUG: CalculateMsgGasData(),  CostFromHeight:400000 
2021/01/05 07:33:57.176 [D] [msgGas_tmp.go:38]  DEBUG: CalculateMsgGasData(),  CostFromHeight:400000 
2021/01/05 07:34:27.176 [D] [msgGas_tmp.go:38]  DEBUG: CalculateMsgGasData(),  CostFromHeight:400000 
2021/01/05 07:34:57.175 [D] [msgGas_tmp.go:38]  DEBUG: CalculateMsgGasData(),  CostFromHeight:400000 
2021/01/05 07:35:27.175 [D] [msgGas_tmp.go:38]  DEBUG: CalculateMsgGasData(),  CostFromHeight:400000 
2021/01/05 07:35:57.175 [D] [msgGas_tmp.go:38]  DEBUG: CalculateMsgGasData(),  CostFromHeight:400000 
2021/01/05 07:36:27.175 [D] [msgGas_tmp.go:38]  DEBUG: CalculateMsgGasData(),  CostFromHeight:400000 
2021/01/05 07:36:57.174 [D] [msgGas_tmp.go:38]  DEBUG: CalculateMsgGasData(),  CostFromHeight:400000 
2021/01/05 07:37:27.178 [D] [msgGas_tmp.go:38]  DEBUG: CalculateMsgGasData(),  CostFromHeight:400000 
2021/01/05 07:37:57.175 [D] [msgGas_tmp.go:38]  DEBUG: CalculateMsgGasData(),  CostFromHeight:400000 
2021/01/05 07:38:27.178 [D] [msgGas_tmp.go:38]  DEBUG: CalculateMsgGasData(),  CostFromHeight:400000 
2021/01/05 07:38:57.177 [D] [msgGas_tmp.go:38]  DEBUG: CalculateMsgGasData(),  CostFromHeight:400000 
2021/01/05 07:39:27.178 [D] [msgGas_tmp.go:38]  DEBUG: CalculateMsgGasData(),  CostFromHeight:400000 
2021/01/05 07:39:57.175 [D] [msgGas_tmp.go:38]  DEBUG: CalculateMsgGasData(),  CostFromHeight:400000 
2021/01/05 07:40:27.197 [D] [msgGas_tmp.go:38]  DEBUG: CalculateMsgGasData(),  CostFromHeight:400000 
2021/01/05 07:40:57.175 [D] [msgGas_tmp.go:38]  DEBUG: CalculateMsgGasData(),  CostFromHeight:400000 
2021/01/05 07:41:27.178 [D] [msgGas_tmp.go:38]  DEBUG: CalculateMsgGasData(),  CostFromHeight:400000 
2021/01/05 07:41:57.175 [D] [msgGas_tmp.go:38]  DEBUG: CalculateMsgGasData(),  CostFromHeight:400000 
2021/01/05 07:42:27.175 [D] [msgGas_tmp.go:38]  DEBUG: CalculateMsgGasData(),  CostFromHeight:400000 
2021/01/05 07:42:57.175 [D] [msgGas_tmp.go:38]  DEBUG: CalculateMsgGasData(),  CostFromHeight:400000 
2021/01/05 07:43:27.175 [D] [msgGas_tmp.go:38]  DEBUG: CalculateMsgGasData(),  CostFromHeight:400000 
2021/01/05 07:43:57.176 [D] [msgGas_tmp.go:38]  DEBUG: CalculateMsgGasData(),  CostFromHeight:400000 
2021/01/05 07:44:27.175 [D] [msgGas_tmp.go:38]  DEBUG: CalculateMsgGasData(),  CostFromHeight:400000 
2021/01/05 07:44:57.175 [D] [msgGas_tmp.go:38]  DEBUG: CalculateMsgGasData(),  CostFromHeight:400000 
2021/01/05 07:45:27.175 [D] [msgGas_tmp.go:38]  DEBUG: CalculateMsgGasData(),  CostFromHeight:400000 
2021/01/05 07:45:57.176 [D] [msgGas_tmp.go:38]  DEBUG: CalculateMsgGasData(),  CostFromHeight:400000 
2021/01/05 07:46:27.175 [D] [msgGas_tmp.go:38]  DEBUG: CalculateMsgGasData(),  CostFromHeight:400000 
2021/01/05 07:46:57.175 [D] [msgGas_tmp.go:38]  DEBUG: CalculateMsgGasData(),  CostFromHeight:400000 
2021/01/05 07:47:27.175 [D] [msgGas_tmp.go:38]  DEBUG: CalculateMsgGasData(),  CostFromHeight:400000 
2021/01/05 07:47:57.179 [D] [msgGas_tmp.go:38]  DEBUG: CalculateMsgGasData(),  CostFromHeight:400000 
2021/01/05 07:48:27.175 [D] [msgGas_tmp.go:38]  DEBUG: CalculateMsgGasData(),  CostFromHeight:400000 
2021/01/05 07:48:57.175 [D] [msgGas_tmp.go:38]  DEBUG: CalculateMsgGasData(),  CostFromHeight:400000 
2021/01/05 07:49:27.176 [D] [msgGas_tmp.go:38]  DEBUG: CalculateMsgGasData(),  CostFromHeight:400000 
2021/01/05 07:49:57.175 [D] [msgGas_tmp.go:38]  DEBUG: CalculateMsgGasData(),  CostFromHeight:400000 
2021/01/05 07:50:27.175 [D] [msgGas_tmp.go:38]  DEBUG: CalculateMsgGasData(),  CostFromHeight:400000 
2021/01/05 07:50:57.175 [D] [msgGas_tmp.go:38]  DEBUG: CalculateMsgGasData(),  CostFromHeight:400000 
2021/01/05 07:51:27.175 [D] [msgGas_tmp.go:38]  DEBUG: CalculateMsgGasData(),  CostFromHeight:400000 
2021/01/05 07:51:57.177 [D] [msgGas_tmp.go:38]  DEBUG: CalculateMsgGasData(),  CostFromHeight:400000 
2021/01/05 07:52:27.176 [D] [msgGas_tmp.go:38]  DEBUG: CalculateMsgGasData(),  CostFromHeight:400000 
2021/01/05 07:52:57.174 [D] [msgGas_tmp.go:38]  DEBUG: CalculateMsgGasData(),  CostFromHeight:400000 
2021/01/05 07:53:27.175 [D] [msgGas_tmp.go:38]  DEBUG: CalculateMsgGasData(),  CostFromHeight:400000 
2021/01/05 07:53:57.176 [D] [msgGas_tmp.go:38]  DEBUG: CalculateMsgGasData(),  CostFromHeight:400000 
2021/01/05 07:54:27.176 [D] [msgGas_tmp.go:38]  DEBUG: CalculateMsgGasData(),  CostFromHeight:400000 
2021/01/05 07:54:57.175 [D] [msgGas_tmp.go:38]  DEBUG: CalculateMsgGasData(),  CostFromHeight:400000 
2021/01/05 07:55:27.175 [D] [msgGas_tmp.go:38]  DEBUG: CalculateMsgGasData(),  CostFromHeight:400000 
2021/01/05 07:55:57.175 [D] [msgGas_tmp.go:38]  DEBUG: CalculateMsgGasData(),  CostFromHeight:400000 
2021/01/05 07:56:27.175 [D] [msgGas_tmp.go:38]  DEBUG: CalculateMsgGasData(),  CostFromHeight:400000 
2021/01/05 07:56:57.176 [D] [msgGas_tmp.go:38]  DEBUG: CalculateMsgGasData(),  CostFromHeight:400000 
2021/01/05 07:57:27.174 [D] [msgGas_tmp.go:38]  DEBUG: CalculateMsgGasData(),  CostFromHeight:400000 
2021/01/05 07:57:57.175 [D] [msgGas_tmp.go:38]  DEBUG: CalculateMsgGasData(),  CostFromHeight:400000 
2021/01/05 07:58:27.175 [D] [msgGas_tmp.go:38]  DEBUG: CalculateMsgGasData(),  CostFromHeight:400000 
2021/01/05 07:58:57.174 [D] [msgGas_tmp.go:38]  DEBUG: CalculateMsgGasData(),  CostFromHeight:400000 
2021/01/05 07:59:27.176 [D] [msgGas_tmp.go:38]  DEBUG: CalculateMsgGasData(),  CostFromHeight:400000 
2021/01/05 07:59:57.178 [D] [msgGas_tmp.go:38]  DEBUG: CalculateMsgGasData(),  CostFromHeight:400000 
2021/01/05 08:00:27.175 [D] [msgGas_tmp.go:38]  DEBUG: CalculateMsgGasData(),  CostFromHeight:400000 
2021/01/05 08:00:57.177 [D] [msgGas_tmp.go:38]  DEBUG: CalculateMsgGasData(),  CostFromHeight:400000 
2021/01/05 08:01:27.176 [D] [msgGas_tmp.go:38]  DEBUG: CalculateMsgGasData(),  CostFromHeight:400000 
2021/01/05 08:01:57.174 [D] [msgGas_tmp.go:38]  DEBUG: CalculateMsgGasData(),  CostFromHeight:400000 
2021/01/05 08:02:27.175 [D] [msgGas_tmp.go:38]  DEBUG: CalculateMsgGasData(),  CostFromHeight:400000 
2021/01/05 08:02:57.178 [D] [msgGas_tmp.go:38]  DEBUG: CalculateMsgGasData(),  CostFromHeight:400000 
2021/01/05 08:03:27.189 [D] [msgGas_tmp.go:38]  DEBUG: CalculateMsgGasData(),  CostFromHeight:400000 
2021/01/05 08:03:57.178 [D] [msgGas_tmp.go:38]  DEBUG: CalculateMsgGasData(),  CostFromHeight:400000 
2021/01/05 08:04:27.176 [D] [msgGas_tmp.go:38]  DEBUG: CalculateMsgGasData(),  CostFromHeight:400000 
2021/01/05 08:04:57.175 [D] [msgGas_tmp.go:38]  DEBUG: CalculateMsgGasData(),  CostFromHeight:400000 
2021/01/05 08:05:27.179 [D] [msgGas_tmp.go:38]  DEBUG: CalculateMsgGasData(),  CostFromHeight:400000 
2021/01/05 08:05:57.179 [D] [msgGas_tmp.go:38]  DEBUG: CalculateMsgGasData(),  CostFromHeight:400000 
2021/01/05 08:06:27.178 [D] [msgGas_tmp.go:38]  DEBUG: CalculateMsgGasData(),  CostFromHeight:400000 
2021/01/05 08:06:57.177 [D] [msgGas_tmp.go:38]  DEBUG: CalculateMsgGasData(),  CostFromHeight:400000 
2021/01/05 08:07:27.176 [D] [msgGas_tmp.go:38]  DEBUG: CalculateMsgGasData(),  CostFromHeight:400000 
2021/01/05 08:07:57.176 [D] [msgGas_tmp.go:38]  DEBUG: CalculateMsgGasData(),  CostFromHeight:400000 
2021/01/05 08:08:27.175 [D] [msgGas_tmp.go:38]  DEBUG: CalculateMsgGasData(),  CostFromHeight:400000 
2021/01/05 08:08:57.175 [D] [msgGas_tmp.go:38]  DEBUG: CalculateMsgGasData(),  CostFromHeight:400000 
2021/01/05 08:09:27.176 [D] [msgGas_tmp.go:38]  DEBUG: CalculateMsgGasData(),  CostFromHeight:400000 
2021/01/05 08:09:57.174 [D] [msgGas_tmp.go:38]  DEBUG: CalculateMsgGasData(),  CostFromHeight:400000 
2021/01/05 08:10:27.174 [D] [msgGas_tmp.go:38]  DEBUG: CalculateMsgGasData(),  CostFromHeight:400000 
2021/01/05 08:10:57.224 [D] [msgGas_tmp.go:38]  DEBUG: CalculateMsgGasData(),  CostFromHeight:400000 
2021/01/05 08:11:27.175 [D] [msgGas_tmp.go:38]  DEBUG: CalculateMsgGasData(),  CostFromHeight:400000 
2021/01/05 08:11:57.174 [D] [msgGas_tmp.go:38]  DEBUG: CalculateMsgGasData(),  CostFromHeight:400000 
2021/01/05 08:12:27.175 [D] [msgGas_tmp.go:38]  DEBUG: CalculateMsgGasData(),  CostFromHeight:400000 
2021/01/05 08:12:57.175 [D] [msgGas_tmp.go:38]  DEBUG: CalculateMsgGasData(),  CostFromHeight:400000 
2021/01/05 08:13:27.175 [D] [msgGas_tmp.go:38]  DEBUG: CalculateMsgGasData(),  CostFromHeight:400000 
2021/01/05 08:13:57.175 [D] [msgGas_tmp.go:38]  DEBUG: CalculateMsgGasData(),  CostFromHeight:400000 
2021/01/05 08:14:27.176 [D] [msgGas_tmp.go:38]  DEBUG: CalculateMsgGasData(),  CostFromHeight:400000 
2021/01/05 08:14:57.175 [D] [msgGas_tmp.go:38]  DEBUG: CalculateMsgGasData(),  CostFromHeight:400000 
2021/01/05 08:15:27.177 [D] [msgGas_tmp.go:38]  DEBUG: CalculateMsgGasData(),  CostFromHeight:400000 
2021/01/05 08:15:57.175 [D] [msgGas_tmp.go:38]  DEBUG: CalculateMsgGasData(),  CostFromHeight:400000 
2021/01/05 08:16:27.176 [D] [msgGas_tmp.go:38]  DEBUG: CalculateMsgGasData(),  CostFromHeight:400000 
2021/01/05 08:16:57.174 [D] [msgGas_tmp.go:38]  DEBUG: CalculateMsgGasData(),  CostFromHeight:400000 
2021/01/05 08:17:27.175 [D] [msgGas_tmp.go:38]  DEBUG: CalculateMsgGasData(),  CostFromHeight:400000 
2021/01/05 08:17:57.175 [D] [msgGas_tmp.go:38]  DEBUG: CalculateMsgGasData(),  CostFromHeight:400000 
2021/01/05 08:18:27.175 [D] [msgGas_tmp.go:38]  DEBUG: CalculateMsgGasData(),  CostFromHeight:400000 
2021/01/05 08:18:57.178 [D] [msgGas_tmp.go:38]  DEBUG: CalculateMsgGasData(),  CostFromHeight:400000 
2021/01/05 08:19:27.178 [D] [msgGas_tmp.go:38]  DEBUG: CalculateMsgGasData(),  CostFromHeight:400000 
2021/01/05 08:19:57.178 [D] [msgGas_tmp.go:38]  DEBUG: CalculateMsgGasData(),  CostFromHeight:400000 
2021/01/05 08:20:27.178 [D] [msgGas_tmp.go:38]  DEBUG: CalculateMsgGasData(),  CostFromHeight:400000 
2021/01/05 08:20:57.178 [D] [msgGas_tmp.go:38]  DEBUG: CalculateMsgGasData(),  CostFromHeight:400000 
2021/01/05 08:21:27.174 [D] [msgGas_tmp.go:38]  DEBUG: CalculateMsgGasData(),  CostFromHeight:400000 
2021/01/05 08:21:57.177 [D] [msgGas_tmp.go:38]  DEBUG: CalculateMsgGasData(),  CostFromHeight:400000 
2021/01/05 08:22:27.175 [D] [msgGas_tmp.go:38]  DEBUG: CalculateMsgGasData(),  CostFromHeight:400000 
2021/01/05 08:22:57.176 [D] [msgGas_tmp.go:38]  DEBUG: CalculateMsgGasData(),  CostFromHeight:400000 
2021/01/05 08:23:27.175 [D] [msgGas_tmp.go:38]  DEBUG: CalculateMsgGasData(),  CostFromHeight:400000 
2021/01/05 08:23:57.175 [D] [msgGas_tmp.go:38]  DEBUG: CalculateMsgGasData(),  CostFromHeight:400000 
2021/01/05 08:24:27.175 [D] [msgGas_tmp.go:38]  DEBUG: CalculateMsgGasData(),  CostFromHeight:400000 
2021/01/05 08:24:57.175 [D] [msgGas_tmp.go:38]  DEBUG: CalculateMsgGasData(),  CostFromHeight:400000 
2021/01/05 08:25:27.175 [D] [msgGas_tmp.go:38]  DEBUG: CalculateMsgGasData(),  CostFromHeight:400000 
2021/01/05 08:25:57.179 [D] [msgGas_tmp.go:38]  DEBUG: CalculateMsgGasData(),  CostFromHeight:400000 
2021/01/05 08:26:27.175 [D] [msgGas_tmp.go:38]  DEBUG: CalculateMsgGasData(),  CostFromHeight:400000 
2021/01/05 08:26:57.175 [D] [msgGas_tmp.go:38]  DEBUG: CalculateMsgGasData(),  CostFromHeight:400000 
2021/01/05 08:27:27.175 [D] [msgGas_tmp.go:38]  DEBUG: CalculateMsgGasData(),  CostFromHeight:400000 
2021/01/05 08:27:57.175 [D] [msgGas_tmp.go:38]  DEBUG: CalculateMsgGasData(),  CostFromHeight:400000 
2021/01/05 08:28:27.174 [D] [msgGas_tmp.go:38]  DEBUG: CalculateMsgGasData(),  CostFromHeight:400000 
2021/01/05 08:28:57.255 [D] [msgGas_tmp.go:38]  DEBUG: CalculateMsgGasData(),  CostFromHeight:400000 
2021/01/05 08:29:27.178 [D] [msgGas_tmp.go:38]  DEBUG: CalculateMsgGasData(),  CostFromHeight:400000 
2021/01/05 08:29:57.177 [D] [msgGas_tmp.go:38]  DEBUG: CalculateMsgGasData(),  CostFromHeight:400000 
2021/01/05 08:30:27.178 [D] [msgGas_tmp.go:38]  DEBUG: CalculateMsgGasData(),  CostFromHeight:400000 
2021/01/05 08:30:57.192 [D] [msgGas_tmp.go:38]  DEBUG: CalculateMsgGasData(),  CostFromHeight:400000 
2021/01/05 08:31:27.178 [D] [msgGas_tmp.go:38]  DEBUG: CalculateMsgGasData(),  CostFromHeight:400000 
2021/01/05 08:31:57.174 [D] [msgGas_tmp.go:38]  DEBUG: CalculateMsgGasData(),  CostFromHeight:400000 
2021/01/05 08:32:27.178 [D] [msgGas_tmp.go:38]  DEBUG: CalculateMsgGasData(),  CostFromHeight:400000 
2021/01/05 08:32:57.175 [D] [msgGas_tmp.go:38]  DEBUG: CalculateMsgGasData(),  CostFromHeight:400000 
2021/01/05 08:33:27.175 [D] [msgGas_tmp.go:38]  DEBUG: CalculateMsgGasData(),  CostFromHeight:400000 
2021/01/05 08:33:57.175 [D] [msgGas_tmp.go:38]  DEBUG: CalculateMsgGasData(),  CostFromHeight:400000 
2021/01/05 08:34:27.175 [D] [msgGas_tmp.go:38]  DEBUG: CalculateMsgGasData(),  CostFromHeight:400000 
2021/01/05 08:34:57.175 [D] [msgGas_tmp.go:38]  DEBUG: CalculateMsgGasData(),  CostFromHeight:400000 
2021/01/05 08:35:27.175 [D] [msgGas_tmp.go:38]  DEBUG: CalculateMsgGasData(),  CostFromHeight:400000 
2021/01/05 08:35:57.176 [D] [msgGas_tmp.go:38]  DEBUG: CalculateMsgGasData(),  CostFromHeight:400000 
2021/01/05 08:36:27.175 [D] [msgGas_tmp.go:38]  DEBUG: CalculateMsgGasData(),  CostFromHeight:400000 
2021/01/05 08:36:57.174 [D] [msgGas_tmp.go:38]  DEBUG: CalculateMsgGasData(),  CostFromHeight:400000 
2021/01/05 08:37:27.174 [D] [msgGas_tmp.go:38]  DEBUG: CalculateMsgGasData(),  CostFromHeight:400000 
2021/01/05 08:37:57.175 [D] [msgGas_tmp.go:38]  DEBUG: CalculateMsgGasData(),  CostFromHeight:400000 
2021/01/05 08:38:27.175 [D] [msgGas_tmp.go:38]  DEBUG: CalculateMsgGasData(),  CostFromHeight:400000 
2021/01/05 08:38:57.175 [D] [msgGas_tmp.go:38]  DEBUG: CalculateMsgGasData(),  CostFromHeight:400000 
2021/01/05 08:39:27.177 [D] [msgGas_tmp.go:38]  DEBUG: CalculateMsgGasData(),  CostFromHeight:400000 
2021/01/05 08:39:57.175 [D] [msgGas_tmp.go:38]  DEBUG: CalculateMsgGasData(),  CostFromHeight:400000 
2021/01/05 08:40:27.176 [D] [msgGas_tmp.go:38]  DEBUG: CalculateMsgGasData(),  CostFromHeight:400000 
2021/01/05 08:40:57.178 [D] [msgGas_tmp.go:38]  DEBUG: CalculateMsgGasData(),  CostFromHeight:400000 
2021/01/05 08:41:27.177 [D] [msgGas_tmp.go:38]  DEBUG: CalculateMsgGasData(),  CostFromHeight:400000 
2021/01/05 08:41:57.174 [D] [msgGas_tmp.go:38]  DEBUG: CalculateMsgGasData(),  CostFromHeight:400000 
2021/01/05 08:42:27.177 [D] [msgGas_tmp.go:38]  DEBUG: CalculateMsgGasData(),  CostFromHeight:400000 
2021/01/05 08:42:57.178 [D] [msgGas_tmp.go:38]  DEBUG: CalculateMsgGasData(),  CostFromHeight:400000 
2021/01/05 08:43:27.174 [D] [msgGas_tmp.go:38]  DEBUG: CalculateMsgGasData(),  CostFromHeight:400000 
2021/01/05 08:43:57.178 [D] [msgGas_tmp.go:38]  DEBUG: CalculateMsgGasData(),  CostFromHeight:400000 
2021/01/05 08:44:27.178 [D] [msgGas_tmp.go:38]  DEBUG: CalculateMsgGasData(),  CostFromHeight:400000 
2021/01/05 08:44:57.177 [D] [msgGas_tmp.go:38]  DEBUG: CalculateMsgGasData(),  CostFromHeight:400000 
2021/01/05 08:45:27.180 [D] [msgGas_tmp.go:38]  DEBUG: CalculateMsgGasData(),  CostFromHeight:400000 
2021/01/05 08:45:57.175 [D] [msgGas_tmp.go:38]  DEBUG: CalculateMsgGasData(),  CostFromHeight:400000 
2021/01/05 08:46:27.175 [D] [msgGas_tmp.go:38]  DEBUG: CalculateMsgGasData(),  CostFromHeight:400000 
2021/01/05 08:46:57.174 [D] [msgGas_tmp.go:38]  DEBUG: CalculateMsgGasData(),  CostFromHeight:400000 
2021/01/05 08:47:27.175 [D] [msgGas_tmp.go:38]  DEBUG: CalculateMsgGasData(),  CostFromHeight:400000 
2021/01/05 08:47:57.175 [D] [msgGas_tmp.go:38]  DEBUG: CalculateMsgGasData(),  CostFromHeight:400000 
2021/01/05 08:48:27.176 [D] [msgGas_tmp.go:38]  DEBUG: CalculateMsgGasData(),  CostFromHeight:400000 
2021/01/05 08:48:57.183 [D] [msgGas_tmp.go:38]  DEBUG: CalculateMsgGasData(),  CostFromHeight:400000 
2021/01/05 08:49:27.175 [D] [msgGas_tmp.go:38]  DEBUG: CalculateMsgGasData(),  CostFromHeight:400000 
2021/01/05 08:49:57.175 [D] [msgGas_tmp.go:38]  DEBUG: CalculateMsgGasData(),  CostFromHeight:400000 
2021/01/05 08:50:27.174 [D] [msgGas_tmp.go:38]  DEBUG: CalculateMsgGasData(),  CostFromHeight:400000 
2021/01/05 08:50:57.175 [D] [msgGas_tmp.go:38]  DEBUG: CalculateMsgGasData(),  CostFromHeight:400000 
2021/01/05 08:51:27.179 [D] [msgGas_tmp.go:38]  DEBUG: CalculateMsgGasData(),  CostFromHeight:400000 
2021/01/05 08:51:57.174 [D] [msgGas_tmp.go:38]  DEBUG: CalculateMsgGasData(),  CostFromHeight:400000 
2021/01/05 08:52:27.175 [D] [msgGas_tmp.go:38]  DEBUG: CalculateMsgGasData(),  CostFromHeight:400000 
2021/01/05 08:52:57.176 [D] [msgGas_tmp.go:38]  DEBUG: CalculateMsgGasData(),  CostFromHeight:400000 
2021/01/05 08:53:27.175 [D] [msgGas_tmp.go:38]  DEBUG: CalculateMsgGasData(),  CostFromHeight:400000 
2021/01/05 08:53:57.175 [D] [msgGas_tmp.go:38]  DEBUG: CalculateMsgGasData(),  CostFromHeight:400000 
2021/01/05 08:54:27.194 [D] [msgGas_tmp.go:38]  DEBUG: CalculateMsgGasData(),  CostFromHeight:400000 
2021/01/05 08:54:57.179 [D] [msgGas_tmp.go:38]  DEBUG: CalculateMsgGasData(),  CostFromHeight:400000 
2021/01/05 08:55:27.177 [D] [msgGas_tmp.go:38]  DEBUG: CalculateMsgGasData(),  CostFromHeight:400000 
2021/01/05 08:55:57.194 [D] [msgGas_tmp.go:38]  DEBUG: CalculateMsgGasData(),  CostFromHeight:400000 
2021/01/05 08:56:27.178 [D] [msgGas_tmp.go:38]  DEBUG: CalculateMsgGasData(),  CostFromHeight:400000 
2021/01/05 08:56:57.174 [D] [msgGas_tmp.go:38]  DEBUG: CalculateMsgGasData(),  CostFromHeight:400000 
2021/01/05 08:57:27.188 [D] [msgGas_tmp.go:38]  DEBUG: CalculateMsgGasData(),  CostFromHeight:400000 
2021/01/05 08:57:57.179 [D] [msgGas_tmp.go:38]  DEBUG: CalculateMsgGasData(),  CostFromHeight:400000 
2021/01/05 08:58:27.233 [D] [msgGas_tmp.go:38]  DEBUG: CalculateMsgGasData(),  CostFromHeight:400000 
2021/01/05 08:58:57.227 [D] [msgGas_tmp.go:38]  DEBUG: CalculateMsgGasData(),  CostFromHeight:400000 
2021/01/05 08:59:27.185 [D] [msgGas_tmp.go:38]  DEBUG: CalculateMsgGasData(),  CostFromHeight:400000 
2021/01/05 08:59:57.189 [D] [msgGas_tmp.go:38]  DEBUG: CalculateMsgGasData(),  CostFromHeight:400000 
2021/01/05 09:00:27.227 [D] [msgGas_tmp.go:38]  DEBUG: CalculateMsgGasData(),  CostFromHeight:400000 
2021/01/05 09:00:57.176 [D] [msgGas_tmp.go:38]  DEBUG: CalculateMsgGasData(),  CostFromHeight:400000 
2021/01/05 09:01:27.309 [D] [msgGas_tmp.go:38]  DEBUG: CalculateMsgGasData(),  CostFromHeight:400000 
2021/01/05 09:01:57.235 [D] [msgGas_tmp.go:38]  DEBUG: CalculateMsgGasData(),  CostFromHeight:400000 
2021/01/05 09:02:27.176 [D] [msgGas_tmp.go:38]  DEBUG: CalculateMsgGasData(),  CostFromHeight:400000 
2021/01/05 09:02:57.174 [D] [msgGas_tmp.go:38]  DEBUG: CalculateMsgGasData(),  CostFromHeight:400000 
2021/01/05 09:03:27.177 [D] [msgGas_tmp.go:38]  DEBUG: CalculateMsgGasData(),  CostFromHeight:400000 
2021/01/05 09:03:57.175 [D] [msgGas_tmp.go:38]  DEBUG: CalculateMsgGasData(),  CostFromHeight:400000 
2021/01/05 09:04:27.176 [D] [msgGas_tmp.go:38]  DEBUG: CalculateMsgGasData(),  CostFromHeight:400000 
2021/01/05 09:04:57.177 [D] [msgGas_tmp.go:38]  DEBUG: CalculateMsgGasData(),  CostFromHeight:400000 
2021/01/05 09:05:27.176 [D] [msgGas_tmp.go:38]  DEBUG: CalculateMsgGasData(),  CostFromHeight:400000 
2021/01/05 09:05:57.175 [D] [msgGas_tmp.go:38]  DEBUG: CalculateMsgGasData(),  CostFromHeight:400000 
2021/01/05 09:06:27.175 [D] [msgGas_tmp.go:38]  DEBUG: CalculateMsgGasData(),  CostFromHeight:400000 
2021/01/05 09:06:57.177 [D] [msgGas_tmp.go:38]  DEBUG: CalculateMsgGasData(),  CostFromHeight:400000 
2021/01/05 09:07:27.175 [D] [msgGas_tmp.go:38]  DEBUG: CalculateMsgGasData(),  CostFromHeight:400000 
2021/01/05 09:07:57.176 [D] [msgGas_tmp.go:38]  DEBUG: CalculateMsgGasData(),  CostFromHeight:400000 
2021/01/05 09:08:27.176 [D] [msgGas_tmp.go:38]  DEBUG: CalculateMsgGasData(),  CostFromHeight:400000 
2021/01/05 09:08:57.179 [D] [msgGas_tmp.go:38]  DEBUG: CalculateMsgGasData(),  CostFromHeight:400000 
2021/01/05 09:09:27.175 [D] [msgGas_tmp.go:38]  DEBUG: CalculateMsgGasData(),  CostFromHeight:400000 
2021/01/05 09:09:57.176 [D] [msgGas_tmp.go:38]  DEBUG: CalculateMsgGasData(),  CostFromHeight:400000 
2021/01/05 09:10:27.176 [D] [msgGas_tmp.go:38]  DEBUG: CalculateMsgGasData(),  CostFromHeight:400000 
2021/01/05 09:10:57.175 [D] [msgGas_tmp.go:38]  DEBUG: CalculateMsgGasData(),  CostFromHeight:400000 
2021/01/05 09:11:27.175 [D] [msgGas_tmp.go:38]  DEBUG: CalculateMsgGasData(),  CostFromHeight:400000 
2021/01/05 09:11:57.176 [D] [msgGas_tmp.go:38]  DEBUG: CalculateMsgGasData(),  CostFromHeight:400000 
2021/01/05 09:12:27.178 [D] [msgGas_tmp.go:38]  DEBUG: CalculateMsgGasData(),  CostFromHeight:400000 
2021/01/05 09:12:57.181 [D] [msgGas_tmp.go:38]  DEBUG: CalculateMsgGasData(),  CostFromHeight:400000 
2021/01/05 09:13:27.191 [D] [msgGas_tmp.go:38]  DEBUG: CalculateMsgGasData(),  CostFromHeight:400000 
2021/01/05 09:13:57.180 [D] [msgGas_tmp.go:38]  DEBUG: CalculateMsgGasData(),  CostFromHeight:400000 
2021/01/05 09:14:27.178 [D] [msgGas_tmp.go:38]  DEBUG: CalculateMsgGasData(),  CostFromHeight:400000 
2021/01/05 09:14:57.179 [D] [msgGas_tmp.go:38]  DEBUG: CalculateMsgGasData(),  CostFromHeight:400000 
2021/01/05 09:15:27.179 [D] [msgGas_tmp.go:38]  DEBUG: CalculateMsgGasData(),  CostFromHeight:400000 
2021/01/05 09:15:57.178 [D] [msgGas_tmp.go:38]  DEBUG: CalculateMsgGasData(),  CostFromHeight:400000 
2021/01/05 09:16:27.195 [D] [msgGas_tmp.go:38]  DEBUG: CalculateMsgGasData(),  CostFromHeight:400000 
2021/01/05 09:16:57.175 [D] [msgGas_tmp.go:38]  DEBUG: CalculateMsgGasData(),  CostFromHeight:400000 
2021/01/05 09:17:27.174 [D] [msgGas_tmp.go:38]  DEBUG: CalculateMsgGasData(),  CostFromHeight:400000 
2021/01/05 09:17:57.175 [D] [msgGas_tmp.go:38]  DEBUG: CalculateMsgGasData(),  CostFromHeight:400000 
2021/01/05 09:18:27.175 [D] [msgGas_tmp.go:38]  DEBUG: CalculateMsgGasData(),  CostFromHeight:400000 
2021/01/05 09:18:57.174 [D] [msgGas_tmp.go:38]  DEBUG: CalculateMsgGasData(),  CostFromHeight:400000 
2021/01/05 09:19:27.176 [D] [msgGas_tmp.go:38]  DEBUG: CalculateMsgGasData(),  CostFromHeight:400000 
2021/01/05 09:19:57.177 [D] [msgGas_tmp.go:38]  DEBUG: CalculateMsgGasData(),  CostFromHeight:400000 
2021/01/05 09:20:27.175 [D] [msgGas_tmp.go:38]  DEBUG: CalculateMsgGasData(),  CostFromHeight:400000 
2021/01/05 09:20:57.176 [D] [msgGas_tmp.go:38]  DEBUG: CalculateMsgGasData(),  CostFromHeight:400000 
2021/01/05 09:21:27.175 [D] [msgGas_tmp.go:38]  DEBUG: CalculateMsgGasData(),  CostFromHeight:400000 
2021/01/05 09:21:57.175 [D] [msgGas_tmp.go:38]  DEBUG: CalculateMsgGasData(),  CostFromHeight:400000 
2021/01/05 09:22:27.175 [D] [msgGas_tmp.go:38]  DEBUG: CalculateMsgGasData(),  CostFromHeight:400000 
2021/01/05 09:22:57.174 [D] [msgGas_tmp.go:38]  DEBUG: CalculateMsgGasData(),  CostFromHeight:400000 
2021/01/05 09:23:27.175 [D] [msgGas_tmp.go:38]  DEBUG: CalculateMsgGasData(),  CostFromHeight:400000 
2021/01/05 09:23:57.174 [D] [msgGas_tmp.go:38]  DEBUG: CalculateMsgGasData(),  CostFromHeight:400000 
2021/01/05 09:24:27.176 [D] [msgGas_tmp.go:38]  DEBUG: CalculateMsgGasData(),  CostFromHeight:400000 
2021/01/05 09:24:57.177 [D] [msgGas_tmp.go:38]  DEBUG: CalculateMsgGasData(),  CostFromHeight:400000 
2021/01/05 09:25:27.175 [D] [msgGas_tmp.go:38]  DEBUG: CalculateMsgGasData(),  CostFromHeight:400000 
2021/01/05 09:25:57.175 [D] [msgGas_tmp.go:38]  DEBUG: CalculateMsgGasData(),  CostFromHeight:400000 
2021/01/05 09:26:27.175 [D] [msgGas_tmp.go:38]  DEBUG: CalculateMsgGasData(),  CostFromHeight:400000 
2021/01/05 09:26:57.176 [D] [msgGas_tmp.go:38]  DEBUG: CalculateMsgGasData(),  CostFromHeight:400000 
2021/01/05 09:27:27.181 [D] [msgGas_tmp.go:38]  DEBUG: CalculateMsgGasData(),  CostFromHeight:400000 
2021/01/05 09:27:57.178 [D] [msgGas_tmp.go:38]  DEBUG: CalculateMsgGasData(),  CostFromHeight:400000 
2021/01/05 09:28:27.182 [D] [msgGas_tmp.go:38]  DEBUG: CalculateMsgGasData(),  CostFromHeight:400000 
2021/01/05 09:28:57.180 [D] [msgGas_tmp.go:38]  DEBUG: CalculateMsgGasData(),  CostFromHeight:400000 
2021/01/05 09:29:27.179 [D] [msgGas_tmp.go:38]  DEBUG: CalculateMsgGasData(),  CostFromHeight:400000 
2021/01/05 09:29:57.178 [D] [msgGas_tmp.go:38]  DEBUG: CalculateMsgGasData(),  CostFromHeight:400000 
2021/01/05 09:30:27.208 [D] [msgGas_tmp.go:38]  DEBUG: CalculateMsgGasData(),  CostFromHeight:400000 
2021/01/05 09:30:57.180 [D] [msgGas_tmp.go:38]  DEBUG: CalculateMsgGasData(),  CostFromHeight:400000 
2021/01/05 09:31:27.176 [D] [msgGas_tmp.go:38]  DEBUG: CalculateMsgGasData(),  CostFromHeight:400000 
